Component: ARM Compiler 5.06 update 5 (build 528) Tool: armlink [4d35e2]

==============================================================================

Section Cross References

    spi.o(i.EXTI0_IRQHandler) refers to spi.o(i.goLeft) for goLeft
    spi.o(i.EXTI0_IRQHandler) refers to spi.o(i.updateSnake) for updateSnake
    spi.o(i.EXTI0_IRQHandler) refers to ds.o(i.DrawSnake) for DrawSnake
    spi.o(i.EXTI0_IRQHandler) refers to lcd.o(i.display) for display
    spi.o(i.EXTI0_IRQHandler) refers to general.o(i.delay) for delay
    spi.o(i.EXTI0_IRQHandler) refers to spi.o(.data) for .data
    spi.o(i.EXTI0_IRQHandler) refers to spi.o(.bss) for .bss
    spi.o(i.EXTI1_IRQHandler) refers to spi.o(i.goRight) for goRight
    spi.o(i.EXTI1_IRQHandler) refers to spi.o(i.updateSnake) for updateSnake
    spi.o(i.EXTI1_IRQHandler) refers to ds.o(i.DrawSnake) for DrawSnake
    spi.o(i.EXTI1_IRQHandler) refers to lcd.o(i.display) for display
    spi.o(i.EXTI1_IRQHandler) refers to general.o(i.delay) for delay
    spi.o(i.EXTI1_IRQHandler) refers to spi.o(.data) for .data
    spi.o(i.EXTI1_IRQHandler) refers to spi.o(.bss) for .bss
    spi.o(i.EXTI2_IRQHandler) refers to spi.o(i.goUp) for goUp
    spi.o(i.EXTI2_IRQHandler) refers to spi.o(i.updateSnake) for updateSnake
    spi.o(i.EXTI2_IRQHandler) refers to ds.o(i.DrawSnake) for DrawSnake
    spi.o(i.EXTI2_IRQHandler) refers to lcd.o(i.display) for display
    spi.o(i.EXTI2_IRQHandler) refers to general.o(i.delay) for delay
    spi.o(i.EXTI2_IRQHandler) refers to spi.o(.data) for .data
    spi.o(i.EXTI2_IRQHandler) refers to spi.o(.bss) for .bss
    spi.o(i.EXTI3_IRQHandler) refers to spi.o(i.goDown) for goDown
    spi.o(i.EXTI3_IRQHandler) refers to spi.o(i.updateSnake) for updateSnake
    spi.o(i.EXTI3_IRQHandler) refers to ds.o(i.DrawSnake) for DrawSnake
    spi.o(i.EXTI3_IRQHandler) refers to lcd.o(i.display) for display
    spi.o(i.EXTI3_IRQHandler) refers to general.o(i.delay) for delay
    spi.o(i.EXTI3_IRQHandler) refers to spi.o(.data) for .data
    spi.o(i.EXTI3_IRQHandler) refers to spi.o(.bss) for .bss
    spi.o(i.gameOver) refers to spi.o(i.randPoint) for randPoint
    spi.o(i.gameOver) refers to lcd.o(i.setPixel) for setPixel
    spi.o(i.gameOver) refers to lcd.o(i.XYtoIndex) for XYtoIndex
    spi.o(i.gameOver) refers to lcd.o(i.write) for write
    spi.o(i.gameOver) refers to lcd.o(i.writeInt) for writeInt
    spi.o(i.gameOver) refers to lcd.o(.data) for indx
    spi.o(i.gameOver) refers to spi.o(.data) for .data
    spi.o(i.gameOver) refers to spi.o(.bss) for .bss
    spi.o(i.goDown) refers to spi.o(.data) for .data
    spi.o(i.goLeft) refers to spi.o(.data) for .data
    spi.o(i.goRight) refers to spi.o(.data) for .data
    spi.o(i.goUp) refers to spi.o(.data) for .data
    spi.o(i.hasEatenAfruit) refers to spi.o(i.samePoints) for samePoints
    spi.o(i.hasEatenAfruit) refers to spi.o(.data) for .data
    spi.o(i.increaseSnakeLength) refers to ds.o(i.push) for push
    spi.o(i.increaseSnakeLength) refers to ds.o(i.stackRshift) for stackRshift
    spi.o(i.increaseSnakeLength) refers to ds.o(i.append) for append
    spi.o(i.increaseSnakeLength) refers to spi.o(.data) for .data
    spi.o(i.initSnake) refers to ds.o(i.initStack) for initStack
    spi.o(i.initSnake) refers to ds.o(i.setPoint) for setPoint
    spi.o(i.initSnake) refers to ds.o(i.push) for push
    spi.o(i.initSnake) refers to spi.o(.bss) for .bss
    spi.o(i.initSnake) refers to spi.o(.data) for .data
    spi.o(i.isGameOver) refers to spi.o(i.samePoints) for samePoints
    spi.o(i.isGameOver) refers to spi.o(.bss) for .bss
    spi.o(i.main) refers to hwinit.o(i.CLK_init) for CLK_init
    spi.o(i.main) refers to hwinit.o(i.RCC_init) for RCC_init
    spi.o(i.main) refers to hwinit.o(i.GPIO_init) for GPIO_init
    spi.o(i.main) refers to hwinit.o(i.SPI_init) for SPI_init
    spi.o(i.main) refers to hwinit.o(i.EXTI_init) for EXTI_init
    spi.o(i.main) refers to lcd.o(i.LCD_init) for LCD_init
    spi.o(i.main) refers to lcd.o(i.LCD_cmd) for LCD_cmd
    spi.o(i.main) refers to spi.o(i.initSnake) for initSnake
    spi.o(i.main) refers to lcd.o(i.resetFrame) for resetFrame
    spi.o(i.main) refers to ds.o(i.DrawSnake) for DrawSnake
    spi.o(i.main) refers to spi.o(i.randPoint) for randPoint
    spi.o(i.main) refers to lcd.o(i.setPixel) for setPixel
    spi.o(i.main) refers to lcd.o(i.display) for display
    spi.o(i.main) refers to spi.o(i.isGameOver) for isGameOver
    spi.o(i.main) refers to spi.o(i.gameOver) for gameOver
    spi.o(i.main) refers to spi.o(i.updateDirection) for updateDirection
    spi.o(i.main) refers to spi.o(i.updateSnake) for updateSnake
    spi.o(i.main) refers to spi.o(i.hasEatenAfruit) for hasEatenAfruit
    spi.o(i.main) refers to spi.o(i.increaseSnakeLength) for increaseSnakeLength
    spi.o(i.main) refers to general.o(i.delay) for delay
    spi.o(i.main) refers to spi.o(.bss) for .bss
    spi.o(i.main) refers to spi.o(.data) for .data
    spi.o(i.randInt) refers to rand.o(.emb_text) for rand
    spi.o(i.randPoint) refers to spi.o(i.randInt) for randInt
    spi.o(i.randPoint) refers to ds.o(i.setPoint) for setPoint
    spi.o(i.updateDirection) refers to spi.o(i.goDown) for goDown
    spi.o(i.updateDirection) refers to spi.o(i.goLeft) for goLeft
    spi.o(i.updateDirection) refers to spi.o(i.goRight) for goRight
    spi.o(i.updateDirection) refers to spi.o(i.goUp) for goUp
    spi.o(i.updateDirection) refers to spi.o(.data) for .data
    spi.o(i.updateSnake) refers to ds.o(i.shift) for shift
    spi.o(i.updateSnake) refers to ds.o(i.pop) for pop
    spi.o(i.updateSnake) refers to ds.o(i.setPoint) for setPoint
    spi.o(i.updateSnake) refers to ds.o(i.push) for push
    spi.o(i.updateSnake) refers to spi.o(.bss) for .bss
    spi.o(i.updateSnake) refers to spi.o(.data) for .data
    spi.o(i.wait) refers to spi.o(.data) for .data
    lcd.o(i.LCD_cmd) refers to spi.o(i.wait) for wait
    lcd.o(i.LCD_data) refers to spi.o(i.wait) for wait
    lcd.o(i.LCD_init) refers to lcd.o(i.setX) for setX
    lcd.o(i.LCD_init) refers to lcd.o(i.setY) for setY
    lcd.o(i.LCDerase) refers to lcd.o(i.resetPixel) for resetPixel
    lcd.o(i.LCDsquare) refers to lcd.o(i.setPixel) for setPixel
    lcd.o(i.character) refers to lcd.o(.data) for .data
    lcd.o(i.character) refers to lcd.o(.constdata) for .constdata
    lcd.o(i.display) refers to lcd.o(i.setX) for setX
    lcd.o(i.display) refers to lcd.o(i.setY) for setY
    lcd.o(i.display) refers to general.o(i.delay) for delay
    lcd.o(i.display) refers to lcd.o(i.LCD_data) for LCD_data
    lcd.o(i.displayCursor) refers to lcd.o(.data) for .data
    lcd.o(i.displayCursor) refers to lcd.o(.constdata) for .constdata
    lcd.o(i.fillLCD) refers to aeabi_memset.o(.text) for __aeabi_memset
    lcd.o(i.fillLCD) refers to lcd.o(i.LCD_data) for LCD_data
    lcd.o(i.fillLCD) refers to lcd.o(i.setX) for setX
    lcd.o(i.fillLCD) refers to lcd.o(i.setY) for setY
    lcd.o(i.horizLine) refers to lcd.o(i.setPixel) for setPixel
    lcd.o(i.newLine) refers to lcd.o(.data) for .data
    lcd.o(i.removeHorizLine) refers to lcd.o(i.resetPixel) for resetPixel
    lcd.o(i.resetFrame) refers to rt_memclr.o(.text) for __aeabi_memclr
    lcd.o(i.resetFrame) refers to lcd.o(i.setX) for setX
    lcd.o(i.resetFrame) refers to lcd.o(i.setY) for setY
    lcd.o(i.setX) refers to lcd.o(i.LCD_cmd) for LCD_cmd
    lcd.o(i.setY) refers to lcd.o(i.LCD_cmd) for LCD_cmd
    lcd.o(i.space) refers to lcd.o(.data) for .data
    lcd.o(i.write) refers to lcd.o(i.character) for character
    lcd.o(i.write) refers to ds.o(i.lshift) for lshift
    lcd.o(i.write) refers to lcd.o(.data) for .data
    lcd.o(i.writeInt) refers to _printf_percent.o(.ARM.Collect$$_printf_percent$$00000000) for _printf_percent
    lcd.o(i.writeInt) refers to _printf_d.o(.ARM.Collect$$_printf_percent$$00000009) for _printf_d
    lcd.o(i.writeInt) refers to _printf_dec.o(.text) for _printf_int_dec
    lcd.o(i.writeInt) refers to noretval__2sprintf.o(.text) for __2sprintf
    lcd.o(i.writeInt) refers to lcd.o(i.write) for write
    ds.o(i.DrawSnake) refers to lcd.o(i.setPixel) for setPixel
    ds.o(i.append) refers to ds.o(i.push) for push
    ds.o(i.append) refers to ds.o(i.stackRshift) for stackRshift
    ds.o(i.lshift) refers to rt_memmove_v6.o(.text) for __aeabi_memmove
    ds.o(i.stackLshift) refers to rt_memmove_v6.o(.text) for __aeabi_memmove
    ds.o(i.stackRshift) refers to rt_memmove_v6.o(.text) for __aeabi_memmove
    startup_stm32f10x_md.o(STACK) refers (Special) to heapauxi.o(.text) for __use_two_region_memory
    startup_stm32f10x_md.o(HEAP) refers (Special) to heapauxi.o(.text) for __use_two_region_memory
    startup_stm32f10x_md.o(RESET) refers (Special) to heapauxi.o(.text) for __use_two_region_memory
    startup_stm32f10x_md.o(RESET) refers to startup_stm32f10x_md.o(STACK) for __initial_sp
    startup_stm32f10x_md.o(RESET) refers to startup_stm32f10x_md.o(.text) for Reset_Handler
    startup_stm32f10x_md.o(RESET) refers to spi.o(i.EXTI0_IRQHandler) for EXTI0_IRQHandler
    startup_stm32f10x_md.o(RESET) refers to spi.o(i.EXTI1_IRQHandler) for EXTI1_IRQHandler
    startup_stm32f10x_md.o(RESET) refers to spi.o(i.EXTI2_IRQHandler) for EXTI2_IRQHandler
    startup_stm32f10x_md.o(RESET) refers to spi.o(i.EXTI3_IRQHandler) for EXTI3_IRQHandler
    startup_stm32f10x_md.o(.text) refers (Special) to heapauxi.o(.text) for __use_two_region_memory
    startup_stm32f10x_md.o(.text) refers to system_stm32f10x.o(i.SystemInit) for SystemInit
    startup_stm32f10x_md.o(.text) refers to __main.o(!!!main) for __main
    startup_stm32f10x_md.o(.text) refers to startup_stm32f10x_md.o(HEAP) for Heap_Mem
    startup_stm32f10x_md.o(.text) refers to startup_stm32f10x_md.o(STACK) for Stack_Mem
    system_stm32f10x.o(i.SystemCoreClockUpdate) refers to system_stm32f10x.o(.data) for .data
    system_stm32f10x.o(i.SystemInit) refers to system_stm32f10x.o(i.SetSysClockTo72) for SetSysClockTo72
    __2sprintf.o(.text) refers to _printf_char_common.o(.text) for _printf_char_common
    __2sprintf.o(.text) refers to _sputc.o(.text) for _sputc
    noretval__2sprintf.o(.text) refers to _printf_char_common.o(.text) for _printf_char_common
    noretval__2sprintf.o(.text) refers to _sputc.o(.text) for _sputc
    __printf.o(.text) refers to _printf_percent.o(.ARM.Collect$$_printf_percent$$00000000) for _printf_percent
    _printf_dec.o(.text) refers to _printf_intcommon.o(.text) for _printf_int_common
    __printf_flags.o(.text) refers to _printf_percent.o(.ARM.Collect$$_printf_percent$$00000000) for _printf_percent
    __printf_flags.o(.text) refers to __printf_flags.o(.constdata) for .constdata
    __printf_ss.o(.text) refers to _printf_percent.o(.ARM.Collect$$_printf_percent$$00000000) for _printf_percent
    __printf_flags_ss.o(.text) refers to _printf_percent.o(.ARM.Collect$$_printf_percent$$00000000) for _printf_percent
    __printf_flags_ss.o(.text) refers to __printf_flags_ss.o(.constdata) for .constdata
    __printf_wp.o(.text) refers to __printf_wp.o(i._is_digit) for _is_digit
    __printf_wp.o(.text) refers to _printf_percent.o(.ARM.Collect$$_printf_percent$$00000000) for _printf_percent
    __printf_flags_wp.o(.text) refers to __printf_wp.o(i._is_digit) for _is_digit
    __printf_flags_wp.o(.text) refers to _printf_percent.o(.ARM.Collect$$_printf_percent$$00000000) for _printf_percent
    __printf_flags_wp.o(.text) refers to __printf_flags_wp.o(.constdata) for .constdata
    __printf_ss_wp.o(.text) refers to __printf_wp.o(i._is_digit) for _is_digit
    __printf_ss_wp.o(.text) refers to _printf_percent.o(.ARM.Collect$$_printf_percent$$00000000) for _printf_percent
    __printf_flags_ss_wp.o(.text) refers to __printf_wp.o(i._is_digit) for _is_digit
    __printf_flags_ss_wp.o(.text) refers to _printf_percent.o(.ARM.Collect$$_printf_percent$$00000000) for _printf_percent
    __printf_flags_ss_wp.o(.text) refers to __printf_flags_ss_wp.o(.constdata) for .constdata
    _printf_d.o(.ARM.Collect$$_printf_percent$$00000009) refers (Weak) to _printf_dec.o(.text) for _printf_int_dec
    _printf_percent.o(.ARM.Collect$$_printf_percent$$00000000) refers (Special) to _printf_percent_end.o(.ARM.Collect$$_printf_percent$$00000017) for _printf_percent_end
    rand.o(.emb_text) refers (Special) to libinit2.o(.ARM.Collect$$libinit$$0000000D) for __rt_lib_init_rand_2
    rand.o(.emb_text) refers to rand.o(.text) for _rand_init
    rand.o(.emb_text) refers to rand.o(.bss) for _random_number_data
    rand.o(.text) refers (Special) to libinit2.o(.ARM.Collect$$libinit$$0000000D) for __rt_lib_init_rand_2
    rand.o(.text) refers to rand.o(.bss) for .bss
    rand.o(.bss) refers (Special) to libinit2.o(.ARM.Collect$$libinit$$0000000D) for __rt_lib_init_rand_2
    rt_memmove_v6.o(.text) refers to rt_memcpy_v6.o(.text) for __aeabi_memcpy
    rt_memmove_v6.o(.text) refers to rt_memmove_w.o(.text) for __memmove_aligned
    aeabi_memset.o(.text) refers to rt_memclr.o(.text) for _memset
    rt_memclr.o(.text) refers to rt_memclr_w.o(.text) for _memset_w
    __main.o(!!!main) refers to __rtentry.o(.ARM.Collect$$rtentry$$00000000) for __rt_entry
    __rtentry.o(.ARM.Collect$$rtentry$$00000000) refers (Special) to __rtentry2.o(.ARM.Collect$$rtentry$$0000000A) for __rt_entry_li
    __rtentry.o(.ARM.Collect$$rtentry$$00000000) refers (Special) to __rtentry2.o(.ARM.Collect$$rtentry$$0000000D) for __rt_entry_main
    __rtentry.o(.ARM.Collect$$rtentry$$00000000) refers (Special) to __rtentry2.o(.ARM.Collect$$rtentry$$0000000C) for __rt_entry_postli_1
    __rtentry.o(.ARM.Collect$$rtentry$$00000000) refers (Special) to __rtentry2.o(.ARM.Collect$$rtentry$$00000009) for __rt_entry_postsh_1
    __rtentry.o(.ARM.Collect$$rtentry$$00000000) refers (Special) to __rtentry2.o(.ARM.Collect$$rtentry$$00000002) for __rt_entry_presh_1
    __rtentry.o(.ARM.Collect$$rtentry$$00000000) refers (Special) to __rtentry4.o(.ARM.Collect$$rtentry$$00000004) for __rt_entry_sh
    _printf_char_common.o(.text) refers to __printf.o(.text) for __printf
    rt_memcpy_v6.o(.text) refers to rt_memcpy_w.o(.text) for __aeabi_memcpy4
    rt_memmove_w.o(.text) refers to rt_memcpy_w.o(.text) for __aeabi_memcpy4
    libinit2.o(.ARM.Collect$$libinit$$0000000D) refers (Weak) to rand.o(.text) for _rand_init
    libinit2.o(.ARM.Collect$$libinit$$00000010) refers to libinit2.o(.ARM.Collect$$libinit$$0000000F) for .ARM.Collect$$libinit$$0000000F
    libinit2.o(.ARM.Collect$$libinit$$00000012) refers to libinit2.o(.ARM.Collect$$libinit$$0000000F) for .ARM.Collect$$libinit$$0000000F
    libinit2.o(.ARM.Collect$$libinit$$00000014) refers to libinit2.o(.ARM.Collect$$libinit$$0000000F) for .ARM.Collect$$libinit$$0000000F
    libinit2.o(.ARM.Collect$$libinit$$00000016) refers to libinit2.o(.ARM.Collect$$libinit$$0000000F) for .ARM.Collect$$libinit$$0000000F
    libinit2.o(.ARM.Collect$$libinit$$00000018) refers to libinit2.o(.ARM.Collect$$libinit$$0000000F) for .ARM.Collect$$libinit$$0000000F
    libinit2.o(.ARM.Collect$$libinit$$00000026) refers to argv_veneer.o(.emb_text) for __ARM_argv_veneer
    libinit2.o(.ARM.Collect$$libinit$$00000027) refers to argv_veneer.o(.emb_text) for __ARM_argv_veneer
    __rtentry2.o(.ARM.Collect$$rtentry$$00000008) refers to boardinit2.o(.text) for _platform_post_stackheap_init
    __rtentry2.o(.ARM.Collect$$rtentry$$0000000A) refers to libinit.o(.ARM.Collect$$libinit$$00000000) for __rt_lib_init
    __rtentry2.o(.ARM.Collect$$rtentry$$0000000B) refers to boardinit3.o(.text) for _platform_post_lib_init
    __rtentry2.o(.ARM.Collect$$rtentry$$0000000D) refers to spi.o(i.main) for main
    __rtentry2.o(.ARM.Collect$$rtentry$$0000000D) refers to exit.o(.text) for exit
    __rtentry2.o(.ARM.exidx) refers to __rtentry2.o(.ARM.Collect$$rtentry$$00000001) for .ARM.Collect$$rtentry$$00000001
    __rtentry2.o(.ARM.exidx) refers to __rtentry2.o(.ARM.Collect$$rtentry$$00000008) for .ARM.Collect$$rtentry$$00000008
    __rtentry2.o(.ARM.exidx) refers to __rtentry2.o(.ARM.Collect$$rtentry$$0000000A) for .ARM.Collect$$rtentry$$0000000A
    __rtentry2.o(.ARM.exidx) refers to __rtentry2.o(.ARM.Collect$$rtentry$$0000000B) for .ARM.Collect$$rtentry$$0000000B
    __rtentry2.o(.ARM.exidx) refers to __rtentry2.o(.ARM.Collect$$rtentry$$0000000D) for .ARM.Collect$$rtentry$$0000000D
    __rtentry4.o(.ARM.Collect$$rtentry$$00000004) refers to sys_stackheap_outer.o(.text) for __user_setup_stackheap
    __rtentry4.o(.ARM.exidx) refers to __rtentry4.o(.ARM.Collect$$rtentry$$00000004) for .ARM.Collect$$rtentry$$00000004
    argv_veneer.o(.emb_text) refers to no_argv.o(.text) for __ARM_get_argv
    sys_stackheap_outer.o(.text) refers to libspace.o(.text) for __user_perproc_libspace
    sys_stackheap_outer.o(.text) refers to startup_stm32f10x_md.o(.text) for __user_initial_stackheap
    exit.o(.text) refers to rtexit.o(.ARM.Collect$$rtexit$$00000000) for __rt_exit
    _get_argv_nomalloc.o(.text) refers (Special) to hrguard.o(.text) for __heap_region$guard
    _get_argv_nomalloc.o(.text) refers to defsig_rtmem_outer.o(.text) for __rt_SIGRTMEM
    _get_argv_nomalloc.o(.text) refers to sys_command.o(.text) for _sys_command_string
    libinit.o(.ARM.Collect$$libinit$$00000000) refers (Special) to libinit2.o(.ARM.Collect$$libinit$$0000002E) for __rt_lib_init_alloca_1
    libinit.o(.ARM.Collect$$libinit$$00000000) refers (Special) to libinit2.o(.ARM.Collect$$libinit$$0000002C) for __rt_lib_init_argv_1
    libinit.o(.ARM.Collect$$libinit$$00000000) refers (Special) to libinit2.o(.ARM.Collect$$libinit$$0000001B) for __rt_lib_init_atexit_1
    libinit.o(.ARM.Collect$$libinit$$00000000) refers (Special) to libinit2.o(.ARM.Collect$$libinit$$00000021) for __rt_lib_init_clock_1
    libinit.o(.ARM.Collect$$libinit$$00000000) refers (Special) to libinit2.o(.ARM.Collect$$libinit$$00000032) for __rt_lib_init_cpp_1
    libinit.o(.ARM.Collect$$libinit$$00000000) refers (Special) to libinit2.o(.ARM.Collect$$libinit$$00000030) for __rt_lib_init_exceptions_1
    libinit.o(.ARM.Collect$$libinit$$00000000) refers (Special) to libinit2.o(.ARM.Collect$$libinit$$00000002) for __rt_lib_init_fp_1
    libinit.o(.ARM.Collect$$libinit$$00000000) refers (Special) to libinit2.o(.ARM.Collect$$libinit$$0000001F) for __rt_lib_init_fp_trap_1
    libinit.o(.ARM.Collect$$libinit$$00000000) refers (Special) to libinit2.o(.ARM.Collect$$libinit$$00000023) for __rt_lib_init_getenv_1
    libinit.o(.ARM.Collect$$libinit$$00000000) refers (Special) to libinit2.o(.ARM.Collect$$libinit$$0000000A) for __rt_lib_init_heap_1
    libinit.o(.ARM.Collect$$libinit$$00000000) refers (Special) to libinit2.o(.ARM.Collect$$libinit$$00000011) for __rt_lib_init_lc_collate_1
    libinit.o(.ARM.Collect$$libinit$$00000000) refers (Special) to libinit2.o(.ARM.Collect$$libinit$$00000013) for __rt_lib_init_lc_ctype_1
    libinit.o(.ARM.Collect$$libinit$$00000000) refers (Special) to libinit2.o(.ARM.Collect$$libinit$$00000015) for __rt_lib_init_lc_monetary_1
    libinit.o(.ARM.Collect$$libinit$$00000000) refers (Special) to libinit2.o(.ARM.Collect$$libinit$$00000017) for __rt_lib_init_lc_numeric_1
    libinit.o(.ARM.Collect$$libinit$$00000000) refers (Special) to libinit2.o(.ARM.Collect$$libinit$$00000019) for __rt_lib_init_lc_time_1
    libinit.o(.ARM.Collect$$libinit$$00000000) refers (Special) to libinit2.o(.ARM.Collect$$libinit$$00000004) for __rt_lib_init_preinit_1
    libinit.o(.ARM.Collect$$libinit$$00000000) refers (Special) to libinit2.o(.ARM.Collect$$libinit$$0000000E) for __rt_lib_init_rand_1
    libinit.o(.ARM.Collect$$libinit$$00000000) refers (Special) to libinit2.o(.ARM.Collect$$libinit$$00000033) for __rt_lib_init_return
    libinit.o(.ARM.Collect$$libinit$$00000000) refers (Special) to libinit2.o(.ARM.Collect$$libinit$$0000001D) for __rt_lib_init_signal_1
    libinit.o(.ARM.Collect$$libinit$$00000000) refers (Special) to libinit2.o(.ARM.Collect$$libinit$$00000025) for __rt_lib_init_stdio_1
    libinit.o(.ARM.Collect$$libinit$$00000000) refers (Special) to libinit2.o(.ARM.Collect$$libinit$$0000000C) for __rt_lib_init_user_alloc_1
    sys_command.o(.text) refers (Special) to use_no_semi.o(.text) for __I$use$semihosting
    sys_command.o(.text) refers (Special) to indicate_semi.o(.text) for __semihosting_library_function
    libspace.o(.text) refers to libspace.o(.bss) for __libspace_start
    rtexit.o(.ARM.Collect$$rtexit$$00000000) refers (Special) to rtexit2.o(.ARM.Collect$$rtexit$$00000004) for __rt_exit_exit
    rtexit.o(.ARM.Collect$$rtexit$$00000000) refers (Special) to rtexit2.o(.ARM.Collect$$rtexit$$00000003) for __rt_exit_ls
    rtexit.o(.ARM.Collect$$rtexit$$00000000) refers (Special) to rtexit2.o(.ARM.Collect$$rtexit$$00000002) for __rt_exit_prels_1
    rtexit.o(.ARM.exidx) refers (Special) to rtexit2.o(.ARM.Collect$$rtexit$$00000004) for __rt_exit_exit
    rtexit.o(.ARM.exidx) refers (Special) to rtexit2.o(.ARM.Collect$$rtexit$$00000003) for __rt_exit_ls
    rtexit.o(.ARM.exidx) refers (Special) to rtexit2.o(.ARM.Collect$$rtexit$$00000002) for __rt_exit_prels_1
    rtexit.o(.ARM.exidx) refers to rtexit.o(.ARM.Collect$$rtexit$$00000000) for .ARM.Collect$$rtexit$$00000000
    defsig_rtmem_outer.o(.text) refers to defsig_rtmem_inner.o(.text) for __rt_SIGRTMEM_inner
    defsig_rtmem_outer.o(.text) refers to defsig_exit.o(.text) for __sig_exit
    defsig_rtmem_formal.o(.text) refers to rt_raise.o(.text) for __rt_raise
    rtexit2.o(.ARM.Collect$$rtexit$$00000003) refers to libshutdown.o(.ARM.Collect$$libshutdown$$00000000) for __rt_lib_shutdown
    rtexit2.o(.ARM.Collect$$rtexit$$00000004) refers to sys_exit.o(.text) for _sys_exit
    rtexit2.o(.ARM.exidx) refers to rtexit2.o(.ARM.Collect$$rtexit$$00000001) for .ARM.Collect$$rtexit$$00000001
    rtexit2.o(.ARM.exidx) refers to rtexit2.o(.ARM.Collect$$rtexit$$00000003) for .ARM.Collect$$rtexit$$00000003
    rtexit2.o(.ARM.exidx) refers to rtexit2.o(.ARM.Collect$$rtexit$$00000004) for .ARM.Collect$$rtexit$$00000004
    rt_raise.o(.text) refers to __raise.o(.text) for __raise
    rt_raise.o(.text) refers to sys_exit.o(.text) for _sys_exit
    defsig_exit.o(.text) refers to sys_exit.o(.text) for _sys_exit
    defsig_rtmem_inner.o(.text) refers to defsig_general.o(.text) for __default_signal_display
    sys_exit.o(.text) refers (Special) to use_no_semi.o(.text) for __I$use$semihosting
    sys_exit.o(.text) refers (Special) to indicate_semi.o(.text) for __semihosting_library_function
    __raise.o(.text) refers to defsig.o(CL$$defsig) for __default_signal_handler
    defsig_general.o(.text) refers to sys_wrch.o(.text) for _ttywrch
    libshutdown.o(.ARM.Collect$$libshutdown$$00000000) refers (Special) to libshutdown2.o(.ARM.Collect$$libshutdown$$00000002) for __rt_lib_shutdown_cpp_1
    libshutdown.o(.ARM.Collect$$libshutdown$$00000000) refers (Special) to libshutdown2.o(.ARM.Collect$$libshutdown$$00000007) for __rt_lib_shutdown_fp_trap_1
    libshutdown.o(.ARM.Collect$$libshutdown$$00000000) refers (Special) to libshutdown2.o(.ARM.Collect$$libshutdown$$0000000F) for __rt_lib_shutdown_heap_1
    libshutdown.o(.ARM.Collect$$libshutdown$$00000000) refers (Special) to libshutdown2.o(.ARM.Collect$$libshutdown$$00000010) for __rt_lib_shutdown_return
    libshutdown.o(.ARM.Collect$$libshutdown$$00000000) refers (Special) to libshutdown2.o(.ARM.Collect$$libshutdown$$0000000A) for __rt_lib_shutdown_signal_1
    libshutdown.o(.ARM.Collect$$libshutdown$$00000000) refers (Special) to libshutdown2.o(.ARM.Collect$$libshutdown$$00000004) for __rt_lib_shutdown_stdio_1
    libshutdown.o(.ARM.Collect$$libshutdown$$00000000) refers (Special) to libshutdown2.o(.ARM.Collect$$libshutdown$$0000000C) for __rt_lib_shutdown_user_alloc_1
    sys_wrch.o(.text) refers (Special) to use_no_semi.o(.text) for __I$use$semihosting
    sys_wrch.o(.text) refers (Special) to indicate_semi.o(.text) for __semihosting_library_function
    defsig.o(CL$$defsig) refers to defsig_rtmem_inner.o(.text) for __rt_SIGRTMEM_inner
    defsig_abrt_inner.o(.text) refers to defsig_general.o(.text) for __default_signal_display
    defsig_fpe_inner.o(.text) refers to defsig_general.o(.text) for __default_signal_display
    defsig_rtred_inner.o(.text) refers to defsig_general.o(.text) for __default_signal_display
    defsig_stak_inner.o(.text) refers to defsig_general.o(.text) for __default_signal_display
    defsig_pvfn_inner.o(.text) refers to defsig_general.o(.text) for __default_signal_display
    defsig_cppl_inner.o(.text) refers to defsig_general.o(.text) for __default_signal_display
    defsig_segv_inner.o(.text) refers to defsig_general.o(.text) for __default_signal_display
    defsig_other.o(.text) refers to defsig_general.o(.text) for __default_signal_display


==============================================================================

Removing Unused input sections from the image.

    Removing spi.o(.rev16_text), (4 bytes).
    Removing spi.o(.revsh_text), (4 bytes).
    Removing spi.o(.rrx_text), (6 bytes).
    Removing spi.o(.bss), (504 bytes).
    Removing spi.o(.data), (2 bytes).
    Removing lcd.o(.rev16_text), (4 bytes).
    Removing lcd.o(.revsh_text), (4 bytes).
    Removing lcd.o(.rrx_text), (6 bytes).
    Removing lcd.o(i.LCDerase), (56 bytes).
    Removing lcd.o(i.LCDsquare), (56 bytes).
    Removing lcd.o(i.displayCursor), (52 bytes).
    Removing lcd.o(i.fillLCD), (48 bytes).
    Removing lcd.o(i.horizLine), (32 bytes).
    Removing lcd.o(i.indexToXY), (30 bytes).
    Removing lcd.o(i.invert), (16 bytes).
    Removing lcd.o(i.isPixelSet), (28 bytes).
    Removing lcd.o(i.newLine), (36 bytes).
    Removing lcd.o(i.removeHorizLine), (32 bytes).
    Removing lcd.o(i.resetPixel), (32 bytes).
    Removing lcd.o(i.space), (32 bytes).
    Removing lcd.o(.data), (2 bytes).
    Removing lcd.o(.data), (2 bytes).
    Removing ds.o(.rev16_text), (4 bytes).
    Removing ds.o(.revsh_text), (4 bytes).
    Removing ds.o(.rrx_text), (6 bytes).
    Removing ds.o(i.stackLshift), (14 bytes).
    Removing hwinit.o(.rev16_text), (4 bytes).
    Removing hwinit.o(.revsh_text), (4 bytes).
    Removing hwinit.o(.rrx_text), (6 bytes).
    Removing general.o(.rev16_text), (4 bytes).
    Removing general.o(.revsh_text), (4 bytes).
    Removing general.o(.rrx_text), (6 bytes).
    Removing general.o(i.ANDCopyArray), (22 bytes).
    Removing general.o(i.InverseCopyArray), (22 bytes).
    Removing general.o(i.copyArray), (18 bytes).
    Removing system_stm32f10x.o(.rev16_text), (4 bytes).
    Removing system_stm32f10x.o(.revsh_text), (4 bytes).
    Removing system_stm32f10x.o(.rrx_text), (6 bytes).
    Removing system_stm32f10x.o(i.SystemCoreClockUpdate), (100 bytes).
    Removing system_stm32f10x.o(.data), (20 bytes).

40 unused section(s) (total 1240 bytes) removed from the image.

==============================================================================

Image Symbol Table

    Local Symbols

    Symbol Name                              Value     Ov Type        Size  Object(Section)

    ../clib/angel/boardlib.s                 0x00000000   Number         0  boardshut.o ABSOLUTE
    ../clib/angel/boardlib.s                 0x00000000   Number         0  boardinit2.o ABSOLUTE
    ../clib/angel/boardlib.s                 0x00000000   Number         0  boardinit1.o ABSOLUTE
    ../clib/angel/boardlib.s                 0x00000000   Number         0  boardinit3.o ABSOLUTE
    ../clib/angel/handlers.s                 0x00000000   Number         0  __scatter_zi.o ABSOLUTE
    ../clib/angel/handlers.s                 0x00000000   Number         0  __scatter_copy.o ABSOLUTE
    ../clib/angel/kernel.s                   0x00000000   Number         0  __rtentry2.o ABSOLUTE
    ../clib/angel/kernel.s                   0x00000000   Number         0  __rtentry.o ABSOLUTE
    ../clib/angel/kernel.s                   0x00000000   Number         0  rtexit2.o ABSOLUTE
    ../clib/angel/kernel.s                   0x00000000   Number         0  __rtentry4.o ABSOLUTE
    ../clib/angel/kernel.s                   0x00000000   Number         0  rtexit.o ABSOLUTE
    ../clib/angel/rt.s                       0x00000000   Number         0  rt_raise.o ABSOLUTE
    ../clib/angel/scatter.s                  0x00000000   Number         0  __scatter.o ABSOLUTE
    ../clib/angel/startup.s                  0x00000000   Number         0  __main.o ABSOLUTE
    ../clib/angel/sys.s                      0x00000000   Number         0  indicate_semi.o ABSOLUTE
    ../clib/angel/sys.s                      0x00000000   Number         0  use_no_semi.o ABSOLUTE
    ../clib/angel/sys.s                      0x00000000   Number         0  libspace.o ABSOLUTE
    ../clib/angel/sys.s                      0x00000000   Number         0  sys_stackheap_outer.o ABSOLUTE
    ../clib/angel/sysapp.c                   0x00000000   Number         0  sys_wrch.o ABSOLUTE
    ../clib/angel/sysapp.c                   0x00000000   Number         0  sys_exit.o ABSOLUTE
    ../clib/angel/sysapp.c                   0x00000000   Number         0  sys_command.o ABSOLUTE
    ../clib/armsys.c                         0x00000000   Number         0  argv_veneer.o ABSOLUTE
    ../clib/armsys.c                         0x00000000   Number         0  argv_veneer.o ABSOLUTE
    ../clib/armsys.c                         0x00000000   Number         0  no_argv.o ABSOLUTE
    ../clib/armsys.c                         0x00000000   Number         0  _get_argv_nomalloc.o ABSOLUTE
    ../clib/heapalloc.c                      0x00000000   Number         0  hrguard.o ABSOLUTE
    ../clib/heapaux.c                        0x00000000   Number         0  heapauxi.o ABSOLUTE
    ../clib/libinit.s                        0x00000000   Number         0  libshutdown2.o ABSOLUTE
    ../clib/libinit.s                        0x00000000   Number         0  libshutdown.o ABSOLUTE
    ../clib/libinit.s                        0x00000000   Number         0  libinit.o ABSOLUTE
    ../clib/libinit.s                        0x00000000   Number         0  libinit2.o ABSOLUTE
    ../clib/memcpset.s                       0x00000000   Number         0  rt_memcpy_w.o ABSOLUTE
    ../clib/memcpset.s                       0x00000000   Number         0  rt_memclr_w.o ABSOLUTE
    ../clib/memcpset.s                       0x00000000   Number         0  rt_memmove_v6.o ABSOLUTE
    ../clib/memcpset.s                       0x00000000   Number         0  aeabi_memset.o ABSOLUTE
    ../clib/memcpset.s                       0x00000000   Number         0  rt_memclr.o ABSOLUTE
    ../clib/memcpset.s                       0x00000000   Number         0  rt_memmove_w.o ABSOLUTE
    ../clib/memcpset.s                       0x00000000   Number         0  rt_memcpy_v6.o ABSOLUTE
    ../clib/printf.c                         0x00000000   Number         0  __printf.o ABSOLUTE
    ../clib/printf.c                         0x00000000   Number         0  _printf_dec.o ABSOLUTE
    ../clib/printf.c                         0x00000000   Number         0  __printf_flags.o ABSOLUTE
    ../clib/printf.c                         0x00000000   Number         0  _printf_char_common.o ABSOLUTE
    ../clib/printf.c                         0x00000000   Number         0  __printf_ss.o ABSOLUTE
    ../clib/printf.c                         0x00000000   Number         0  __printf_flags_ss.o ABSOLUTE
    ../clib/printf.c                         0x00000000   Number         0  __printf_wp.o ABSOLUTE
    ../clib/printf.c                         0x00000000   Number         0  __printf_flags_wp.o ABSOLUTE
    ../clib/printf.c                         0x00000000   Number         0  __printf_nopercent.o ABSOLUTE
    ../clib/printf.c                         0x00000000   Number         0  __printf_ss_wp.o ABSOLUTE
    ../clib/printf.c                         0x00000000   Number         0  __printf_flags_ss_wp.o ABSOLUTE
    ../clib/printf.c                         0x00000000   Number         0  _sputc.o ABSOLUTE
    ../clib/printf.c                         0x00000000   Number         0  __2sprintf.o ABSOLUTE
    ../clib/printf.c                         0x00000000   Number         0  noretval__2sprintf.o ABSOLUTE
    ../clib/printf.c                         0x00000000   Number         0  _printf_intcommon.o ABSOLUTE
    ../clib/printf_percent.s                 0x00000000   Number         0  _printf_percent.o ABSOLUTE
    ../clib/printf_percent.s                 0x00000000   Number         0  _printf_percent_end.o ABSOLUTE
    ../clib/printf_percent.s                 0x00000000   Number         0  _printf_d.o ABSOLUTE
    ../clib/signal.c                         0x00000000   Number         0  __raise.o ABSOLUTE
    ../clib/signal.c                         0x00000000   Number         0  defsig_rtmem_outer.o ABSOLUTE
    ../clib/signal.c                         0x00000000   Number         0  defsig_rtmem_formal.o ABSOLUTE
    ../clib/signal.c                         0x00000000   Number         0  defsig_exit.o ABSOLUTE
    ../clib/signal.c                         0x00000000   Number         0  defsig_rtmem_inner.o ABSOLUTE
    ../clib/signal.c                         0x00000000   Number         0  defsig_general.o ABSOLUTE
    ../clib/signal.c                         0x00000000   Number         0  defsig_abrt_inner.o ABSOLUTE
    ../clib/signal.c                         0x00000000   Number         0  defsig_fpe_inner.o ABSOLUTE
    ../clib/signal.c                         0x00000000   Number         0  defsig_rtred_inner.o ABSOLUTE
    ../clib/signal.c                         0x00000000   Number         0  defsig_stak_inner.o ABSOLUTE
    ../clib/signal.c                         0x00000000   Number         0  defsig_pvfn_inner.o ABSOLUTE
    ../clib/signal.c                         0x00000000   Number         0  defsig_cppl_inner.o ABSOLUTE
    ../clib/signal.c                         0x00000000   Number         0  defsig_segv_inner.o ABSOLUTE
    ../clib/signal.c                         0x00000000   Number         0  defsig_other.o ABSOLUTE
    ../clib/signal.s                         0x00000000   Number         0  defsig.o ABSOLUTE
    ../clib/stdlib.c                         0x00000000   Number         0  rand.o ABSOLUTE
    ../clib/stdlib.c                         0x00000000   Number         0  rand.o ABSOLUTE
    ../clib/stdlib.c                         0x00000000   Number         0  exit.o ABSOLUTE
    ../fplib/fpinit.s                        0x00000000   Number         0  fpinit.o ABSOLUTE
    HWInit.c                                 0x00000000   Number         0  hwinit.o ABSOLUTE
    HWInit.c                                 0x00000000   Number         0  hwinit.o ABSOLUTE
    RTE\Device\STM32F103C8\startup_stm32f10x_md.s 0x00000000   Number         0  startup_stm32f10x_md.o ABSOLUTE
    RTE\Device\STM32F103C8\system_stm32f10x.c 0x00000000   Number         0  system_stm32f10x.o ABSOLUTE
    RTE\\Device\\STM32F103C8\\system_stm32f10x.c 0x00000000   Number         0  system_stm32f10x.o ABSOLUTE
    dc.s                                     0x00000000   Number         0  dc.o ABSOLUTE
    ds.c                                     0x00000000   Number         0  ds.o ABSOLUTE
    ds.c                                     0x00000000   Number         0  ds.o ABSOLUTE
    general.c                                0x00000000   Number         0  general.o ABSOLUTE
    general.c                                0x00000000   Number         0  general.o ABSOLUTE
    lcd.c                                    0x00000000   Number         0  lcd.o ABSOLUTE
    lcd.c                                    0x00000000   Number         0  lcd.o ABSOLUTE
    spi.c                                    0x00000000   Number         0  spi.o ABSOLUTE
    spi.c                                    0x00000000   Number         0  spi.o ABSOLUTE
    RESET                                    0x08000000   Section      236  startup_stm32f10x_md.o(RESET)
    !!!main                                  0x080000ec   Section        8  __main.o(!!!main)
    !!!scatter                               0x080000f4   Section       52  __scatter.o(!!!scatter)
    !!handler_copy                           0x08000128   Section       26  __scatter_copy.o(!!handler_copy)
    !!handler_zi                             0x08000144   Section       28  __scatter_zi.o(!!handler_zi)
    .ARM.Collect$$_printf_percent$$00000000  0x08000160   Section        0  _printf_percent.o(.ARM.Collect$$_printf_percent$$00000000)
    .ARM.Collect$$_printf_percent$$00000009  0x08000160   Section        6  _printf_d.o(.ARM.Collect$$_printf_percent$$00000009)
    .ARM.Collect$$_printf_percent$$00000017  0x08000166   Section        4  _printf_percent_end.o(.ARM.Collect$$_printf_percent$$00000017)
    .ARM.Collect$$libinit$$00000000          0x0800016a   Section        2  libinit.o(.ARM.Collect$$libinit$$00000000)
    .ARM.Collect$$libinit$$00000002          0x0800016c   Section        0  libinit2.o(.ARM.Collect$$libinit$$00000002)
    .ARM.Collect$$libinit$$00000004          0x0800016c   Section        0  libinit2.o(.ARM.Collect$$libinit$$00000004)
    .ARM.Collect$$libinit$$0000000A          0x0800016c   Section        0  libinit2.o(.ARM.Collect$$libinit$$0000000A)
    .ARM.Collect$$libinit$$0000000C          0x0800016c   Section        0  libinit2.o(.ARM.Collect$$libinit$$0000000C)
    .ARM.Collect$$libinit$$0000000D          0x0800016c   Section        4  libinit2.o(.ARM.Collect$$libinit$$0000000D)
    .ARM.Collect$$libinit$$0000000E          0x08000170   Section        0  libinit2.o(.ARM.Collect$$libinit$$0000000E)
    .ARM.Collect$$libinit$$00000011          0x08000170   Section        0  libinit2.o(.ARM.Collect$$libinit$$00000011)
    .ARM.Collect$$libinit$$00000013          0x08000170   Section        0  libinit2.o(.ARM.Collect$$libinit$$00000013)
    .ARM.Collect$$libinit$$00000015          0x08000170   Section        0  libinit2.o(.ARM.Collect$$libinit$$00000015)
    .ARM.Collect$$libinit$$00000017          0x08000170   Section        0  libinit2.o(.ARM.Collect$$libinit$$00000017)
    .ARM.Collect$$libinit$$00000019          0x08000170   Section        0  libinit2.o(.ARM.Collect$$libinit$$00000019)
    .ARM.Collect$$libinit$$0000001B          0x08000170   Section        0  libinit2.o(.ARM.Collect$$libinit$$0000001B)
    .ARM.Collect$$libinit$$0000001D          0x08000170   Section        0  libinit2.o(.ARM.Collect$$libinit$$0000001D)
    .ARM.Collect$$libinit$$0000001F          0x08000170   Section        0  libinit2.o(.ARM.Collect$$libinit$$0000001F)
    .ARM.Collect$$libinit$$00000021          0x08000170   Section        0  libinit2.o(.ARM.Collect$$libinit$$00000021)
    .ARM.Collect$$libinit$$00000023          0x08000170   Section        0  libinit2.o(.ARM.Collect$$libinit$$00000023)
    .ARM.Collect$$libinit$$00000025          0x08000170   Section        0  libinit2.o(.ARM.Collect$$libinit$$00000025)
    .ARM.Collect$$libinit$$0000002C          0x08000170   Section        0  libinit2.o(.ARM.Collect$$libinit$$0000002C)
    .ARM.Collect$$libinit$$0000002E          0x08000170   Section        0  libinit2.o(.ARM.Collect$$libinit$$0000002E)
    .ARM.Collect$$libinit$$00000030          0x08000170   Section        0  libinit2.o(.ARM.Collect$$libinit$$00000030)
    .ARM.Collect$$libinit$$00000032          0x08000170   Section        0  libinit2.o(.ARM.Collect$$libinit$$00000032)
    .ARM.Collect$$libinit$$00000033          0x08000170   Section        2  libinit2.o(.ARM.Collect$$libinit$$00000033)
    .ARM.Collect$$libshutdown$$00000000      0x08000172   Section        2  libshutdown.o(.ARM.Collect$$libshutdown$$00000000)
    .ARM.Collect$$libshutdown$$00000002      0x08000174   Section        0  libshutdown2.o(.ARM.Collect$$libshutdown$$00000002)
    .ARM.Collect$$libshutdown$$00000004      0x08000174   Section        0  libshutdown2.o(.ARM.Collect$$libshutdown$$00000004)
    .ARM.Collect$$libshutdown$$00000007      0x08000174   Section        0  libshutdown2.o(.ARM.Collect$$libshutdown$$00000007)
    .ARM.Collect$$libshutdown$$0000000A      0x08000174   Section        0  libshutdown2.o(.ARM.Collect$$libshutdown$$0000000A)
    .ARM.Collect$$libshutdown$$0000000C      0x08000174   Section        0  libshutdown2.o(.ARM.Collect$$libshutdown$$0000000C)
    .ARM.Collect$$libshutdown$$0000000F      0x08000174   Section        0  libshutdown2.o(.ARM.Collect$$libshutdown$$0000000F)
    .ARM.Collect$$libshutdown$$00000010      0x08000174   Section        2  libshutdown2.o(.ARM.Collect$$libshutdown$$00000010)
    .ARM.Collect$$rtentry$$00000000          0x08000176   Section        0  __rtentry.o(.ARM.Collect$$rtentry$$00000000)
    .ARM.Collect$$rtentry$$00000002          0x08000176   Section        0  __rtentry2.o(.ARM.Collect$$rtentry$$00000002)
    .ARM.Collect$$rtentry$$00000004          0x08000176   Section        6  __rtentry4.o(.ARM.Collect$$rtentry$$00000004)
    .ARM.Collect$$rtentry$$00000009          0x0800017c   Section        0  __rtentry2.o(.ARM.Collect$$rtentry$$00000009)
    .ARM.Collect$$rtentry$$0000000A          0x0800017c   Section        4  __rtentry2.o(.ARM.Collect$$rtentry$$0000000A)
    .ARM.Collect$$rtentry$$0000000C          0x08000180   Section        0  __rtentry2.o(.ARM.Collect$$rtentry$$0000000C)
    .ARM.Collect$$rtentry$$0000000D          0x08000180   Section        8  __rtentry2.o(.ARM.Collect$$rtentry$$0000000D)
    .ARM.Collect$$rtexit$$00000000           0x08000188   Section        2  rtexit.o(.ARM.Collect$$rtexit$$00000000)
    .ARM.Collect$$rtexit$$00000002           0x0800018a   Section        0  rtexit2.o(.ARM.Collect$$rtexit$$00000002)
    .ARM.Collect$$rtexit$$00000003           0x0800018a   Section        4  rtexit2.o(.ARM.Collect$$rtexit$$00000003)
    .ARM.Collect$$rtexit$$00000004           0x0800018e   Section        6  rtexit2.o(.ARM.Collect$$rtexit$$00000004)
    .emb_text                                0x08000194   Section       52  rand.o(.emb_text)
    .text                                    0x080001c8   Section       64  startup_stm32f10x_md.o(.text)
    .text                                    0x08000208   Section        0  noretval__2sprintf.o(.text)
    .text                                    0x08000230   Section        0  __printf.o(.text)
    .text                                    0x08000298   Section        0  _printf_dec.o(.text)
    .text                                    0x08000310   Section        0  rand.o(.text)
    .text                                    0x0800034c   Section      132  rt_memmove_v6.o(.text)
    .text                                    0x080003d0   Section       68  rt_memclr.o(.text)
    .text                                    0x08000414   Section        0  heapauxi.o(.text)
    .text                                    0x0800041a   Section        0  _printf_intcommon.o(.text)
    .text                                    0x080004cc   Section        0  _printf_char_common.o(.text)
    _printf_input_char                       0x080004cd   Thumb Code    10  _printf_char_common.o(.text)
    .text                                    0x080004fc   Section        0  _sputc.o(.text)
    .text                                    0x08000506   Section      138  rt_memcpy_v6.o(.text)
    .text                                    0x08000590   Section      122  rt_memmove_w.o(.text)
    .text                                    0x0800060a   Section       78  rt_memclr_w.o(.text)
    .text                                    0x08000658   Section      100  rt_memcpy_w.o(.text)
    .text                                    0x080006bc   Section       74  sys_stackheap_outer.o(.text)
    .text                                    0x08000706   Section        0  exit.o(.text)
    .text                                    0x08000718   Section        8  libspace.o(.text)
    .text                                    0x08000720   Section        2  use_no_semi.o(.text)
    .text                                    0x08000722   Section        0  indicate_semi.o(.text)
    .text                                    0x08000724   Section        0  sys_exit.o(.text)
    i.CLK_init                               0x08000730   Section        0  hwinit.o(i.CLK_init)
    i.DrawSnake                              0x08000760   Section        0  ds.o(i.DrawSnake)
    i.EXTI0_IRQHandler                       0x0800078c   Section        0  spi.o(i.EXTI0_IRQHandler)
    i.EXTI1_IRQHandler                       0x080007dc   Section        0  spi.o(i.EXTI1_IRQHandler)
    i.EXTI2_IRQHandler                       0x0800082c   Section        0  spi.o(i.EXTI2_IRQHandler)
    i.EXTI3_IRQHandler                       0x08000878   Section        0  spi.o(i.EXTI3_IRQHandler)
    i.EXTI_init                              0x080008c4   Section        0  hwinit.o(i.EXTI_init)
    i.GPIO_init                              0x08000930   Section        0  hwinit.o(i.GPIO_init)
    i.LCD_cmd                                0x08000a68   Section        0  lcd.o(i.LCD_cmd)
    i.LCD_data                               0x08000a84   Section        0  lcd.o(i.LCD_data)
    i.LCD_init                               0x08000aa0   Section        0  lcd.o(i.LCD_init)
    i.RCC_init                               0x08000ad0   Section        0  hwinit.o(i.RCC_init)
    i.SPI_init                               0x08000b10   Section        0  hwinit.o(i.SPI_init)
    i.SetSysClockTo72                        0x08000b50   Section        0  system_stm32f10x.o(i.SetSysClockTo72)
    SetSysClockTo72                          0x08000b51   Thumb Code   160  system_stm32f10x.o(i.SetSysClockTo72)
    i.SystemInit                             0x08000bf8   Section        0  system_stm32f10x.o(i.SystemInit)
    i.XYtoIndex                              0x08000c48   Section        0  lcd.o(i.XYtoIndex)
    i.append                                 0x08000c58   Section        0  ds.o(i.append)
    i.character                              0x08000c74   Section        0  lcd.o(i.character)
    i.delay                                  0x08000cb8   Section        0  general.o(i.delay)
    i.display                                0x08000cc8   Section        0  lcd.o(i.display)
    i.gameOver                               0x08000cf4   Section        0  spi.o(i.gameOver)
    i.goDown                                 0x08000d80   Section        0  spi.o(i.goDown)
    i.goLeft                                 0x08000d98   Section        0  spi.o(i.goLeft)
    i.goRight                                0x08000dac   Section        0  spi.o(i.goRight)
    i.goUp                                   0x08000dc4   Section        0  spi.o(i.goUp)
    i.hasEatenAfruit                         0x08000dd8   Section        0  spi.o(i.hasEatenAfruit)
    i.increaseSnakeLength                    0x08000de4   Section        0  spi.o(i.increaseSnakeLength)
    i.initSnake                              0x08000e24   Section        0  spi.o(i.initSnake)
    i.initStack                              0x08000e64   Section        0  ds.o(i.initStack)
    i.isGameOver                             0x08000e6c   Section        0  spi.o(i.isGameOver)
    i.lshift                                 0x08000ea4   Section        0  ds.o(i.lshift)
    i.main                                   0x08000ed0   Section        0  spi.o(i.main)
    i.pop                                    0x08000fe0   Section        0  ds.o(i.pop)
    i.push                                   0x08000ffe   Section        0  ds.o(i.push)
    i.randInt                                0x08001016   Section        0  spi.o(i.randInt)
    i.randPoint                              0x0800102a   Section        0  spi.o(i.randPoint)
    i.resetFrame                             0x0800104a   Section        0  lcd.o(i.resetFrame)
    i.samePoints                             0x08001064   Section        0  spi.o(i.samePoints)
    i.setPixel                               0x08001080   Section        0  lcd.o(i.setPixel)
    i.setPoint                               0x080010a0   Section        0  ds.o(i.setPoint)
    i.setX                                   0x080010a6   Section        0  lcd.o(i.setX)
    i.setY                                   0x080010bc   Section        0  lcd.o(i.setY)
    i.shift                                  0x080010d2   Section        0  ds.o(i.shift)
    i.stackRshift                            0x080010ea   Section        0  ds.o(i.stackRshift)
    i.updateDirection                        0x080010fc   Section        0  spi.o(i.updateDirection)
    i.updateSnake                            0x08001124   Section        0  spi.o(i.updateSnake)
    i.wait                                   0x08001158   Section        0  spi.o(i.wait)
    i.write                                  0x08001168   Section        0  lcd.o(i.write)
    i.writeInt                               0x080011b0   Section        0  lcd.o(i.writeInt)
    .constdata                               0x080011cc   Section      800  lcd.o(.constdata)
    FontLookup                               0x080011cc   Data         800  lcd.o(.constdata)
    .data                                    0x20000000   Section       16  spi.o(.data)
    .data                                    0x20000010   Section        2  lcd.o(.data)
    .bss                                     0x20000014   Section     1516  spi.o(.bss)
    .bss                                     0x20000600   Section      228  rand.o(.bss)
    .bss                                     0x200006e4   Section       96  libspace.o(.bss)
    HEAP                                     0x20000748   Section      512  startup_stm32f10x_md.o(HEAP)
    Heap_Mem                                 0x20000748   Data         512  startup_stm32f10x_md.o(HEAP)
    STACK                                    0x20000948   Section     1024  startup_stm32f10x_md.o(STACK)
    Stack_Mem                                0x20000948   Data        1024  startup_stm32f10x_md.o(STACK)
    __initial_sp                             0x20000d48   Data           0  startup_stm32f10x_md.o(STACK)

    Global Symbols

    Symbol Name                              Value     Ov Type        Size  Object(Section)

    BuildAttributes$$THM_ISAv4$P$D$K$B$S$PE$A:L22UL41UL21$X:L11$S22US41US21$IEEE1$IW$USESV6$~STKCKD$USESV7$~SHL$OSPACE$ROPI$EBA8$UX$STANDARDLIB$REQ8$PRES8$EABIv2 0x00000000   Number         0  anon$$obj.o ABSOLUTE
    __ARM_use_no_argv                        0x00000000   Number         0  spi.o ABSOLUTE
    __ARM_exceptions_init                     - Undefined Weak Reference
    __alloca_initialize                       - Undefined Weak Reference
    __arm_preinit_                            - Undefined Weak Reference
    __cpp_initialize__aeabi_                  - Undefined Weak Reference
    __cxa_finalize                            - Undefined Weak Reference
    __rt_locale                               - Undefined Weak Reference
    __sigvec_lookup                           - Undefined Weak Reference
    _atexit_init                              - Undefined Weak Reference
    _call_atexit_fns                          - Undefined Weak Reference
    _clock_init                               - Undefined Weak Reference
    _fp_trap_init                             - Undefined Weak Reference
    _fp_trap_shutdown                         - Undefined Weak Reference
    _get_lc_collate                           - Undefined Weak Reference
    _get_lc_ctype                             - Undefined Weak Reference
    _get_lc_monetary                          - Undefined Weak Reference
    _get_lc_numeric                           - Undefined Weak Reference
    _get_lc_time                              - Undefined Weak Reference
    _getenv_init                              - Undefined Weak Reference
    _handle_redirection                       - Undefined Weak Reference
    _init_alloc                               - Undefined Weak Reference
    _init_user_alloc                          - Undefined Weak Reference
    _initio                                   - Undefined Weak Reference
    _printf_post_padding                      - Undefined Weak Reference
    _printf_pre_padding                       - Undefined Weak Reference
    _printf_truncate_signed                   - Undefined Weak Reference
    _printf_truncate_unsigned                 - Undefined Weak Reference
    _signal_finish                            - Undefined Weak Reference
    _signal_init                              - Undefined Weak Reference
    _terminate_alloc                          - Undefined Weak Reference
    _terminate_user_alloc                     - Undefined Weak Reference
    _terminateio                              - Undefined Weak Reference
    __Vectors_Size                           0x000000ec   Number         0  startup_stm32f10x_md.o ABSOLUTE
    __Vectors                                0x08000000   Data           4  startup_stm32f10x_md.o(RESET)
    __Vectors_End                            0x080000ec   Data           0  startup_stm32f10x_md.o(RESET)
    __main                                   0x080000ed   Thumb Code     8  __main.o(!!!main)
    __scatterload                            0x080000f5   Thumb Code     0  __scatter.o(!!!scatter)
    __scatterload_rt2                        0x080000f5   Thumb Code    44  __scatter.o(!!!scatter)
    __scatterload_rt2_thumb_only             0x080000f5   Thumb Code     0  __scatter.o(!!!scatter)
    __scatterload_null                       0x08000103   Thumb Code     0  __scatter.o(!!!scatter)
    __scatterload_copy                       0x08000129   Thumb Code    26  __scatter_copy.o(!!handler_copy)
    __scatterload_zeroinit                   0x08000145   Thumb Code    28  __scatter_zi.o(!!handler_zi)
    _printf_d                                0x08000161   Thumb Code     0  _printf_d.o(.ARM.Collect$$_printf_percent$$00000009)
    _printf_percent                          0x08000161   Thumb Code     0  _printf_percent.o(.ARM.Collect$$_printf_percent$$00000000)
    _printf_percent_end                      0x08000167   Thumb Code     0  _printf_percent_end.o(.ARM.Collect$$_printf_percent$$00000017)
    __rt_lib_init                            0x0800016b   Thumb Code     0  libinit.o(.ARM.Collect$$libinit$$00000000)
    __rt_lib_init_fp_1                       0x0800016d   Thumb Code     0  libinit2.o(.ARM.Collect$$libinit$$00000002)
    __rt_lib_init_heap_1                     0x0800016d   Thumb Code     0  libinit2.o(.ARM.Collect$$libinit$$0000000A)
    __rt_lib_init_preinit_1                  0x0800016d   Thumb Code     0  libinit2.o(.ARM.Collect$$libinit$$00000004)
    __rt_lib_init_rand_2                     0x0800016d   Thumb Code     0  libinit2.o(.ARM.Collect$$libinit$$0000000D)
    __rt_lib_init_user_alloc_1               0x0800016d   Thumb Code     0  libinit2.o(.ARM.Collect$$libinit$$0000000C)
    __rt_lib_init_alloca_1                   0x08000171   Thumb Code     0  libinit2.o(.ARM.Collect$$libinit$$0000002E)
    __rt_lib_init_argv_1                     0x08000171   Thumb Code     0  libinit2.o(.ARM.Collect$$libinit$$0000002C)
    __rt_lib_init_atexit_1                   0x08000171   Thumb Code     0  libinit2.o(.ARM.Collect$$libinit$$0000001B)
    __rt_lib_init_clock_1                    0x08000171   Thumb Code     0  libinit2.o(.ARM.Collect$$libinit$$00000021)
    __rt_lib_init_cpp_1                      0x08000171   Thumb Code     0  libinit2.o(.ARM.Collect$$libinit$$00000032)
    __rt_lib_init_exceptions_1               0x08000171   Thumb Code     0  libinit2.o(.ARM.Collect$$libinit$$00000030)
    __rt_lib_init_fp_trap_1                  0x08000171   Thumb Code     0  libinit2.o(.ARM.Collect$$libinit$$0000001F)
    __rt_lib_init_getenv_1                   0x08000171   Thumb Code     0  libinit2.o(.ARM.Collect$$libinit$$00000023)
    __rt_lib_init_lc_collate_1               0x08000171   Thumb Code     0  libinit2.o(.ARM.Collect$$libinit$$00000011)
    __rt_lib_init_lc_ctype_1                 0x08000171   Thumb Code     0  libinit2.o(.ARM.Collect$$libinit$$00000013)
    __rt_lib_init_lc_monetary_1              0x08000171   Thumb Code     0  libinit2.o(.ARM.Collect$$libinit$$00000015)
    __rt_lib_init_lc_numeric_1               0x08000171   Thumb Code     0  libinit2.o(.ARM.Collect$$libinit$$00000017)
    __rt_lib_init_lc_time_1                  0x08000171   Thumb Code     0  libinit2.o(.ARM.Collect$$libinit$$00000019)
    __rt_lib_init_rand_1                     0x08000171   Thumb Code     0  libinit2.o(.ARM.Collect$$libinit$$0000000E)
    __rt_lib_init_return                     0x08000171   Thumb Code     0  libinit2.o(.ARM.Collect$$libinit$$00000033)
    __rt_lib_init_signal_1                   0x08000171   Thumb Code     0  libinit2.o(.ARM.Collect$$libinit$$0000001D)
    __rt_lib_init_stdio_1                    0x08000171   Thumb Code     0  libinit2.o(.ARM.Collect$$libinit$$00000025)
    __rt_lib_shutdown                        0x08000173   Thumb Code     0  libshutdown.o(.ARM.Collect$$libshutdown$$00000000)
    __rt_lib_shutdown_cpp_1                  0x08000175   Thumb Code     0  libshutdown2.o(.ARM.Collect$$libshutdown$$00000002)
    __rt_lib_shutdown_fp_trap_1              0x08000175   Thumb Code     0  libshutdown2.o(.ARM.Collect$$libshutdown$$00000007)
    __rt_lib_shutdown_heap_1                 0x08000175   Thumb Code     0  libshutdown2.o(.ARM.Collect$$libshutdown$$0000000F)
    __rt_lib_shutdown_return                 0x08000175   Thumb Code     0  libshutdown2.o(.ARM.Collect$$libshutdown$$00000010)
    __rt_lib_shutdown_signal_1               0x08000175   Thumb Code     0  libshutdown2.o(.ARM.Collect$$libshutdown$$0000000A)
    __rt_lib_shutdown_stdio_1                0x08000175   Thumb Code     0  libshutdown2.o(.ARM.Collect$$libshutdown$$00000004)
    __rt_lib_shutdown_user_alloc_1           0x08000175   Thumb Code     0  libshutdown2.o(.ARM.Collect$$libshutdown$$0000000C)
    __rt_entry                               0x08000177   Thumb Code     0  __rtentry.o(.ARM.Collect$$rtentry$$00000000)
    __rt_entry_presh_1                       0x08000177   Thumb Code     0  __rtentry2.o(.ARM.Collect$$rtentry$$00000002)
    __rt_entry_sh                            0x08000177   Thumb Code     0  __rtentry4.o(.ARM.Collect$$rtentry$$00000004)
    __rt_entry_li                            0x0800017d   Thumb Code     0  __rtentry2.o(.ARM.Collect$$rtentry$$0000000A)
    __rt_entry_postsh_1                      0x0800017d   Thumb Code     0  __rtentry2.o(.ARM.Collect$$rtentry$$00000009)
    __rt_entry_main                          0x08000181   Thumb Code     0  __rtentry2.o(.ARM.Collect$$rtentry$$0000000D)
    __rt_entry_postli_1                      0x08000181   Thumb Code     0  __rtentry2.o(.ARM.Collect$$rtentry$$0000000C)
    __rt_exit                                0x08000189   Thumb Code     0  rtexit.o(.ARM.Collect$$rtexit$$00000000)
    __rt_exit_ls                             0x0800018b   Thumb Code     0  rtexit2.o(.ARM.Collect$$rtexit$$00000003)
    __rt_exit_prels_1                        0x0800018b   Thumb Code     0  rtexit2.o(.ARM.Collect$$rtexit$$00000002)
    __rt_exit_exit                           0x0800018f   Thumb Code     0  rtexit2.o(.ARM.Collect$$rtexit$$00000004)
    rand                                     0x08000195   Thumb Code    48  rand.o(.emb_text)
    Reset_Handler                            0x080001c9   Thumb Code     8  startup_stm32f10x_md.o(.text)
    NMI_Handler                              0x080001d1   Thumb Code     2  startup_stm32f10x_md.o(.text)
    HardFault_Handler                        0x080001d3   Thumb Code     2  startup_stm32f10x_md.o(.text)
    MemManage_Handler                        0x080001d5   Thumb Code     2  startup_stm32f10x_md.o(.text)
    BusFault_Handler                         0x080001d7   Thumb Code     2  startup_stm32f10x_md.o(.text)
    UsageFault_Handler                       0x080001d9   Thumb Code     2  startup_stm32f10x_md.o(.text)
    SVC_Handler                              0x080001db   Thumb Code     2  startup_stm32f10x_md.o(.text)
    DebugMon_Handler                         0x080001dd   Thumb Code     2  startup_stm32f10x_md.o(.text)
    PendSV_Handler                           0x080001df   Thumb Code     2  startup_stm32f10x_md.o(.text)
    SysTick_Handler                          0x080001e1   Thumb Code     2  startup_stm32f10x_md.o(.text)
    ADC1_2_IRQHandler                        0x080001e3   Thumb Code     0  startup_stm32f10x_md.o(.text)
    CAN1_RX1_IRQHandler                      0x080001e3   Thumb Code     0  startup_stm32f10x_md.o(.text)
    CAN1_SCE_IRQHandler                      0x080001e3   Thumb Code     0  startup_stm32f10x_md.o(.text)
    DMA1_Channel1_IRQHandler                 0x080001e3   Thumb Code     0  startup_stm32f10x_md.o(.text)
    DMA1_Channel2_IRQHandler                 0x080001e3   Thumb Code     0  startup_stm32f10x_md.o(.text)
    DMA1_Channel3_IRQHandler                 0x080001e3   Thumb Code     0  startup_stm32f10x_md.o(.text)
    DMA1_Channel4_IRQHandler                 0x080001e3   Thumb Code     0  startup_stm32f10x_md.o(.text)
    DMA1_Channel5_IRQHandler                 0x080001e3   Thumb Code     0  startup_stm32f10x_md.o(.text)
    DMA1_Channel6_IRQHandler                 0x080001e3   Thumb Code     0  startup_stm32f10x_md.o(.text)
    DMA1_Channel7_IRQHandler                 0x080001e3   Thumb Code     0  startup_stm32f10x_md.o(.text)
    EXTI15_10_IRQHandler                     0x080001e3   Thumb Code     0  startup_stm32f10x_md.o(.text)
    EXTI4_IRQHandler                         0x080001e3   Thumb Code     0  startup_stm32f10x_md.o(.text)
    EXTI9_5_IRQHandler                       0x080001e3   Thumb Code     0  startup_stm32f10x_md.o(.text)
    FLASH_IRQHandler                         0x080001e3   Thumb Code     0  startup_stm32f10x_md.o(.text)
    I2C1_ER_IRQHandler                       0x080001e3   Thumb Code     0  startup_stm32f10x_md.o(.text)
    I2C1_EV_IRQHandler                       0x080001e3   Thumb Code     0  startup_stm32f10x_md.o(.text)
    I2C2_ER_IRQHandler                       0x080001e3   Thumb Code     0  startup_stm32f10x_md.o(.text)
    I2C2_EV_IRQHandler                       0x080001e3   Thumb Code     0  startup_stm32f10x_md.o(.text)
    PVD_IRQHandler                           0x080001e3   Thumb Code     0  startup_stm32f10x_md.o(.text)
    RCC_IRQHandler                           0x080001e3   Thumb Code     0  startup_stm32f10x_md.o(.text)
    RTCAlarm_IRQHandler                      0x080001e3   Thumb Code     0  startup_stm32f10x_md.o(.text)
    RTC_IRQHandler                           0x080001e3   Thumb Code     0  startup_stm32f10x_md.o(.text)
    SPI1_IRQHandler                          0x080001e3   Thumb Code     0  startup_stm32f10x_md.o(.text)
    SPI2_IRQHandler                          0x080001e3   Thumb Code     0  startup_stm32f10x_md.o(.text)
    TAMPER_IRQHandler                        0x080001e3   Thumb Code     0  startup_stm32f10x_md.o(.text)
    TIM1_BRK_IRQHandler                      0x080001e3   Thumb Code     0  startup_stm32f10x_md.o(.text)
    TIM1_CC_IRQHandler                       0x080001e3   Thumb Code     0  startup_stm32f10x_md.o(.text)
    TIM1_TRG_COM_IRQHandler                  0x080001e3   Thumb Code     0  startup_stm32f10x_md.o(.text)
    TIM1_UP_IRQHandler                       0x080001e3   Thumb Code     0  startup_stm32f10x_md.o(.text)
    TIM2_IRQHandler                          0x080001e3   Thumb Code     0  startup_stm32f10x_md.o(.text)
    TIM3_IRQHandler                          0x080001e3   Thumb Code     0  startup_stm32f10x_md.o(.text)
    TIM4_IRQHandler                          0x080001e3   Thumb Code     0  startup_stm32f10x_md.o(.text)
    USART1_IRQHandler                        0x080001e3   Thumb Code     0  startup_stm32f10x_md.o(.text)
    USART2_IRQHandler                        0x080001e3   Thumb Code     0  startup_stm32f10x_md.o(.text)
    USART3_IRQHandler                        0x080001e3   Thumb Code     0  startup_stm32f10x_md.o(.text)
    USBWakeUp_IRQHandler                     0x080001e3   Thumb Code     0  startup_stm32f10x_md.o(.text)
    USB_HP_CAN1_TX_IRQHandler                0x080001e3   Thumb Code     0  startup_stm32f10x_md.o(.text)
    USB_LP_CAN1_RX0_IRQHandler               0x080001e3   Thumb Code     0  startup_stm32f10x_md.o(.text)
    WWDG_IRQHandler                          0x080001e3   Thumb Code     0  startup_stm32f10x_md.o(.text)
    __user_initial_stackheap                 0x080001e5   Thumb Code     0  startup_stm32f10x_md.o(.text)
    __2sprintf                               0x08000209   Thumb Code    34  noretval__2sprintf.o(.text)
    __printf                                 0x08000231   Thumb Code   104  __printf.o(.text)
    _printf_int_dec                          0x08000299   Thumb Code   104  _printf_dec.o(.text)
    srand                                    0x08000311   Thumb Code    42  rand.o(.text)
    _rand_init                               0x0800033b   Thumb Code     4  rand.o(.text)
    __aeabi_memmove                          0x0800034d   Thumb Code     0  rt_memmove_v6.o(.text)
    __rt_memmove                             0x0800034d   Thumb Code   132  rt_memmove_v6.o(.text)
    __memmove_lastfew                        0x080003ad   Thumb Code     0  rt_memmove_v6.o(.text)
    __aeabi_memclr                           0x080003d1   Thumb Code     0  rt_memclr.o(.text)
    __rt_memclr                              0x080003d1   Thumb Code    68  rt_memclr.o(.text)
    _memset                                  0x080003d5   Thumb Code     0  rt_memclr.o(.text)
    __use_two_region_memory                  0x08000415   Thumb Code     2  heapauxi.o(.text)
    __rt_heap_escrow$2region                 0x08000417   Thumb Code     2  heapauxi.o(.text)
    __rt_heap_expand$2region                 0x08000419   Thumb Code     2  heapauxi.o(.text)
    _printf_int_common                       0x0800041b   Thumb Code   178  _printf_intcommon.o(.text)
    _printf_char_common                      0x080004d7   Thumb Code    32  _printf_char_common.o(.text)
    _sputc                                   0x080004fd   Thumb Code    10  _sputc.o(.text)
    __aeabi_memcpy                           0x08000507   Thumb Code     0  rt_memcpy_v6.o(.text)
    __rt_memcpy                              0x08000507   Thumb Code   138  rt_memcpy_v6.o(.text)
    _memcpy_lastbytes                        0x0800056d   Thumb Code     0  rt_memcpy_v6.o(.text)
    __aeabi_memmove4                         0x08000591   Thumb Code     0  rt_memmove_w.o(.text)
    __aeabi_memmove8                         0x08000591   Thumb Code     0  rt_memmove_w.o(.text)
    __rt_memmove_w                           0x08000591   Thumb Code   122  rt_memmove_w.o(.text)
    __memmove_aligned                        0x080005b7   Thumb Code     0  rt_memmove_w.o(.text)
    __memmove_lastfew_aligned                0x080005ef   Thumb Code     0  rt_memmove_w.o(.text)
    __aeabi_memclr4                          0x0800060b   Thumb Code     0  rt_memclr_w.o(.text)
    __aeabi_memclr8                          0x0800060b   Thumb Code     0  rt_memclr_w.o(.text)
    __rt_memclr_w                            0x0800060b   Thumb Code    78  rt_memclr_w.o(.text)
    _memset_w                                0x0800060f   Thumb Code     0  rt_memclr_w.o(.text)
    __aeabi_memcpy4                          0x08000659   Thumb Code     0  rt_memcpy_w.o(.text)
    __aeabi_memcpy8                          0x08000659   Thumb Code     0  rt_memcpy_w.o(.text)
    __rt_memcpy_w                            0x08000659   Thumb Code   100  rt_memcpy_w.o(.text)
    _memcpy_lastbytes_aligned                0x080006a1   Thumb Code     0  rt_memcpy_w.o(.text)
    __user_setup_stackheap                   0x080006bd   Thumb Code    74  sys_stackheap_outer.o(.text)
    exit                                     0x08000707   Thumb Code    18  exit.o(.text)
    __user_libspace                          0x08000719   Thumb Code     8  libspace.o(.text)
    __user_perproc_libspace                  0x08000719   Thumb Code     0  libspace.o(.text)
    __user_perthread_libspace                0x08000719   Thumb Code     0  libspace.o(.text)
    __I$use$semihosting                      0x08000721   Thumb Code     0  use_no_semi.o(.text)
    __use_no_semihosting_swi                 0x08000721   Thumb Code     2  use_no_semi.o(.text)
    __semihosting_library_function           0x08000723   Thumb Code     0  indicate_semi.o(.text)
    _sys_exit                                0x08000725   Thumb Code     8  sys_exit.o(.text)
    CLK_init                                 0x08000731   Thumb Code    44  hwinit.o(i.CLK_init)
    DrawSnake                                0x08000761   Thumb Code    42  ds.o(i.DrawSnake)
    EXTI0_IRQHandler                         0x0800078d   Thumb Code    62  spi.o(i.EXTI0_IRQHandler)
    EXTI1_IRQHandler                         0x080007dd   Thumb Code    62  spi.o(i.EXTI1_IRQHandler)
    EXTI2_IRQHandler                         0x0800082d   Thumb Code    60  spi.o(i.EXTI2_IRQHandler)
    EXTI3_IRQHandler                         0x08000879   Thumb Code    60  spi.o(i.EXTI3_IRQHandler)
    EXTI_init                                0x080008c5   Thumb Code   104  hwinit.o(i.EXTI_init)
    GPIO_init                                0x08000931   Thumb Code   296  hwinit.o(i.GPIO_init)
    LCD_cmd                                  0x08000a69   Thumb Code    18  lcd.o(i.LCD_cmd)
    LCD_data                                 0x08000a85   Thumb Code    18  lcd.o(i.LCD_data)
    LCD_init                                 0x08000aa1   Thumb Code    44  lcd.o(i.LCD_init)
    RCC_init                                 0x08000ad1   Thumb Code    60  hwinit.o(i.RCC_init)
    SPI_init                                 0x08000b11   Thumb Code    58  hwinit.o(i.SPI_init)
    SystemInit                               0x08000bf9   Thumb Code    64  system_stm32f10x.o(i.SystemInit)
    XYtoIndex                                0x08000c49   Thumb Code    16  lcd.o(i.XYtoIndex)
    append                                   0x08000c59   Thumb Code    28  ds.o(i.append)
    character                                0x08000c75   Thumb Code    60  lcd.o(i.character)
    delay                                    0x08000cb9   Thumb Code    16  general.o(i.delay)
    display                                  0x08000cc9   Thumb Code    42  lcd.o(i.display)
    gameOver                                 0x08000cf5   Thumb Code    92  spi.o(i.gameOver)
    goDown                                   0x08000d81   Thumb Code    18  spi.o(i.goDown)
    goLeft                                   0x08000d99   Thumb Code    16  spi.o(i.goLeft)
    goRight                                  0x08000dad   Thumb Code    18  spi.o(i.goRight)
    goUp                                     0x08000dc5   Thumb Code    16  spi.o(i.goUp)
    hasEatenAfruit                           0x08000dd9   Thumb Code     8  spi.o(i.hasEatenAfruit)
    increaseSnakeLength                      0x08000de5   Thumb Code    60  spi.o(i.increaseSnakeLength)
    initSnake                                0x08000e25   Thumb Code    56  spi.o(i.initSnake)
    initStack                                0x08000e65   Thumb Code     8  ds.o(i.initStack)
    isGameOver                               0x08000e6d   Thumb Code    50  spi.o(i.isGameOver)
    lshift                                   0x08000ea5   Thumb Code    44  ds.o(i.lshift)
    main                                     0x08000ed1   Thumb Code   250  spi.o(i.main)
    pop                                      0x08000fe1   Thumb Code    30  ds.o(i.pop)
    push                                     0x08000fff   Thumb Code    24  ds.o(i.push)
    randInt                                  0x08001017   Thumb Code    20  spi.o(i.randInt)
    randPoint                                0x0800102b   Thumb Code    32  spi.o(i.randPoint)
    resetFrame                               0x0800104b   Thumb Code    26  lcd.o(i.resetFrame)
    samePoints                               0x08001065   Thumb Code    28  spi.o(i.samePoints)
    setPixel                                 0x08001081   Thumb Code    32  lcd.o(i.setPixel)
    setPoint                                 0x080010a1   Thumb Code     6  ds.o(i.setPoint)
    setX                                     0x080010a7   Thumb Code    22  lcd.o(i.setX)
    setY                                     0x080010bd   Thumb Code    22  lcd.o(i.setY)
    shift                                    0x080010d3   Thumb Code    24  ds.o(i.shift)
    stackRshift                              0x080010eb   Thumb Code    18  ds.o(i.stackRshift)
    updateDirection                          0x080010fd   Thumb Code    36  spi.o(i.updateDirection)
    updateSnake                              0x08001125   Thumb Code    42  spi.o(i.updateSnake)
    wait                                     0x08001159   Thumb Code    12  spi.o(i.wait)
    write                                    0x08001169   Thumb Code    68  lcd.o(i.write)
    writeInt                                 0x080011b1   Thumb Code    24  lcd.o(i.writeInt)
    Region$$Table$$Base                      0x080014ec   Number         0  anon$$obj.o(Region$$Table)
    Region$$Table$$Limit                     0x0800150c   Number         0  anon$$obj.o(Region$$Table)
    headX                                    0x20000000   Data           1  spi.o(.data)
    headY                                    0x20000001   Data           1  spi.o(.data)
    currentState                             0x20000002   Data           1  spi.o(.data)
    lastState                                0x20000003   Data           1  spi.o(.data)
    fruit                                    0x20000004   Data           2  spi.o(.data)
    headPoint                                0x20000006   Data           2  spi.o(.data)
    score                                    0x20000008   Data           4  spi.o(.data)
    sr_ptr                                   0x2000000c   Data           4  spi.o(.data)
    indx                                     0x20000010   Data           2  lcd.o(.data)
    snake                                    0x20000014   Data        1012  spi.o(.bss)
    game                                     0x20000408   Data         504  spi.o(.bss)
    _random_number_data                      0x20000600   Data         228  rand.o(.bss)
    __libspace_start                         0x200006e4   Data          96  libspace.o(.bss)
    __temporary_stack_top$libspace           0x20000744   Data           0  libspace.o(.bss)



==============================================================================

Memory Map of the image

  Image Entry point : 0x080001c9

  Load Region LR_1 (Base: 0x08000000, Size: 0x00001520, Max: 0xffffffff, ABSOLUTE)

    Execution Region ER_RO (Exec base: 0x08000000, Load base: 0x08000000, Size: 0x0000150c, Max: 0xffffffff, ABSOLUTE)

    Exec Addr    Load Addr    Size         Type   Attr      Idx    E Section Name        Object

    0x08000000   0x08000000   0x000000ec   Data   RO          548    RESET               startup_stm32f10x_md.o
    0x080000ec   0x080000ec   0x00000008   Code   RO          649  * !!!main             c_w.l(__main.o)
    0x080000f4   0x080000f4   0x00000034   Code   RO          823    !!!scatter          c_w.l(__scatter.o)
    0x08000128   0x08000128   0x0000001a   Code   RO          825    !!handler_copy      c_w.l(__scatter_copy.o)
    0x08000142   0x08000142   0x00000002   PAD
    0x08000144   0x08000144   0x0000001c   Code   RO          827    !!handler_zi        c_w.l(__scatter_zi.o)
    0x08000160   0x08000160   0x00000000   Code   RO          635    .ARM.Collect$$_printf_percent$$00000000  c_w.l(_printf_percent.o)
    0x08000160   0x08000160   0x00000006   Code   RO          634    .ARM.Collect$$_printf_percent$$00000009  c_w.l(_printf_d.o)
    0x08000166   0x08000166   0x00000004   Code   RO          658    .ARM.Collect$$_printf_percent$$00000017  c_w.l(_printf_percent_end.o)
    0x0800016a   0x0800016a   0x00000002   Code   RO          746    .ARM.Collect$$libinit$$00000000  c_w.l(libinit.o)
    0x0800016c   0x0800016c   0x00000000   Code   RO          666    .ARM.Collect$$libinit$$00000002  c_w.l(libinit2.o)
    0x0800016c   0x0800016c   0x00000000   Code   RO          668    .ARM.Collect$$libinit$$00000004  c_w.l(libinit2.o)
    0x0800016c   0x0800016c   0x00000000   Code   RO          671    .ARM.Collect$$libinit$$0000000A  c_w.l(libinit2.o)
    0x0800016c   0x0800016c   0x00000000   Code   RO          673    .ARM.Collect$$libinit$$0000000C  c_w.l(libinit2.o)
    0x0800016c   0x0800016c   0x00000004   Code   RO          674    .ARM.Collect$$libinit$$0000000D  c_w.l(libinit2.o)
    0x08000170   0x08000170   0x00000000   Code   RO          675    .ARM.Collect$$libinit$$0000000E  c_w.l(libinit2.o)
    0x08000170   0x08000170   0x00000000   Code   RO          678    .ARM.Collect$$libinit$$00000011  c_w.l(libinit2.o)
    0x08000170   0x08000170   0x00000000   Code   RO          680    .ARM.Collect$$libinit$$00000013  c_w.l(libinit2.o)
    0x08000170   0x08000170   0x00000000   Code   RO          682    .ARM.Collect$$libinit$$00000015  c_w.l(libinit2.o)
    0x08000170   0x08000170   0x00000000   Code   RO          684    .ARM.Collect$$libinit$$00000017  c_w.l(libinit2.o)
    0x08000170   0x08000170   0x00000000   Code   RO          686    .ARM.Collect$$libinit$$00000019  c_w.l(libinit2.o)
    0x08000170   0x08000170   0x00000000   Code   RO          688    .ARM.Collect$$libinit$$0000001B  c_w.l(libinit2.o)
    0x08000170   0x08000170   0x00000000   Code   RO          690    .ARM.Collect$$libinit$$0000001D  c_w.l(libinit2.o)
    0x08000170   0x08000170   0x00000000   Code   RO          692    .ARM.Collect$$libinit$$0000001F  c_w.l(libinit2.o)
    0x08000170   0x08000170   0x00000000   Code   RO          694    .ARM.Collect$$libinit$$00000021  c_w.l(libinit2.o)
    0x08000170   0x08000170   0x00000000   Code   RO          696    .ARM.Collect$$libinit$$00000023  c_w.l(libinit2.o)
    0x08000170   0x08000170   0x00000000   Code   RO          698    .ARM.Collect$$libinit$$00000025  c_w.l(libinit2.o)
    0x08000170   0x08000170   0x00000000   Code   RO          702    .ARM.Collect$$libinit$$0000002C  c_w.l(libinit2.o)
    0x08000170   0x08000170   0x00000000   Code   RO          704    .ARM.Collect$$libinit$$0000002E  c_w.l(libinit2.o)
    0x08000170   0x08000170   0x00000000   Code   RO          706    .ARM.Collect$$libinit$$00000030  c_w.l(libinit2.o)
    0x08000170   0x08000170   0x00000000   Code   RO          708    .ARM.Collect$$libinit$$00000032  c_w.l(libinit2.o)
    0x08000170   0x08000170   0x00000002   Code   RO          709    .ARM.Collect$$libinit$$00000033  c_w.l(libinit2.o)
    0x08000172   0x08000172   0x00000002   Code   RO          784    .ARM.Collect$$libshutdown$$00000000  c_w.l(libshutdown.o)
    0x08000174   0x08000174   0x00000000   Code   RO          790    .ARM.Collect$$libshutdown$$00000002  c_w.l(libshutdown2.o)
    0x08000174   0x08000174   0x00000000   Code   RO          792    .ARM.Collect$$libshutdown$$00000004  c_w.l(libshutdown2.o)
    0x08000174   0x08000174   0x00000000   Code   RO          795    .ARM.Collect$$libshutdown$$00000007  c_w.l(libshutdown2.o)
    0x08000174   0x08000174   0x00000000   Code   RO          798    .ARM.Collect$$libshutdown$$0000000A  c_w.l(libshutdown2.o)
    0x08000174   0x08000174   0x00000000   Code   RO          800    .ARM.Collect$$libshutdown$$0000000C  c_w.l(libshutdown2.o)
    0x08000174   0x08000174   0x00000000   Code   RO          803    .ARM.Collect$$libshutdown$$0000000F  c_w.l(libshutdown2.o)
    0x08000174   0x08000174   0x00000002   Code   RO          804    .ARM.Collect$$libshutdown$$00000010  c_w.l(libshutdown2.o)
    0x08000176   0x08000176   0x00000000   Code   RO          651    .ARM.Collect$$rtentry$$00000000  c_w.l(__rtentry.o)
    0x08000176   0x08000176   0x00000000   Code   RO          711    .ARM.Collect$$rtentry$$00000002  c_w.l(__rtentry2.o)
    0x08000176   0x08000176   0x00000006   Code   RO          723    .ARM.Collect$$rtentry$$00000004  c_w.l(__rtentry4.o)
    0x0800017c   0x0800017c   0x00000000   Code   RO          713    .ARM.Collect$$rtentry$$00000009  c_w.l(__rtentry2.o)
    0x0800017c   0x0800017c   0x00000004   Code   RO          714    .ARM.Collect$$rtentry$$0000000A  c_w.l(__rtentry2.o)
    0x08000180   0x08000180   0x00000000   Code   RO          716    .ARM.Collect$$rtentry$$0000000C  c_w.l(__rtentry2.o)
    0x08000180   0x08000180   0x00000008   Code   RO          717    .ARM.Collect$$rtentry$$0000000D  c_w.l(__rtentry2.o)
    0x08000188   0x08000188   0x00000002   Code   RO          752    .ARM.Collect$$rtexit$$00000000  c_w.l(rtexit.o)
    0x0800018a   0x0800018a   0x00000000   Code   RO          764    .ARM.Collect$$rtexit$$00000002  c_w.l(rtexit2.o)
    0x0800018a   0x0800018a   0x00000004   Code   RO          765    .ARM.Collect$$rtexit$$00000003  c_w.l(rtexit2.o)
    0x0800018e   0x0800018e   0x00000006   Code   RO          766    .ARM.Collect$$rtexit$$00000004  c_w.l(rtexit2.o)
    0x08000194   0x08000194   0x00000034   Code   RO          636    .emb_text           c_w.l(rand.o)
    0x080001c8   0x080001c8   0x00000040   Code   RO          549  * .text               startup_stm32f10x_md.o
    0x08000208   0x08000208   0x00000028   Code   RO          608    .text               c_w.l(noretval__2sprintf.o)
    0x08000230   0x08000230   0x00000068   Code   RO          610    .text               c_w.l(__printf.o)
    0x08000298   0x08000298   0x00000078   Code   RO          612    .text               c_w.l(_printf_dec.o)
    0x08000310   0x08000310   0x0000003c   Code   RO          637    .text               c_w.l(rand.o)
    0x0800034c   0x0800034c   0x00000084   Code   RO          641    .text               c_w.l(rt_memmove_v6.o)
    0x080003d0   0x080003d0   0x00000044   Code   RO          645    .text               c_w.l(rt_memclr.o)
    0x08000414   0x08000414   0x00000006   Code   RO          647    .text               c_w.l(heapauxi.o)
    0x0800041a   0x0800041a   0x000000b2   Code   RO          652    .text               c_w.l(_printf_intcommon.o)
    0x080004cc   0x080004cc   0x00000030   Code   RO          654    .text               c_w.l(_printf_char_common.o)
    0x080004fc   0x080004fc   0x0000000a   Code   RO          656    .text               c_w.l(_sputc.o)
    0x08000506   0x08000506   0x0000008a   Code   RO          659    .text               c_w.l(rt_memcpy_v6.o)
    0x08000590   0x08000590   0x0000007a   Code   RO          661    .text               c_w.l(rt_memmove_w.o)
    0x0800060a   0x0800060a   0x0000004e   Code   RO          663    .text               c_w.l(rt_memclr_w.o)
    0x08000658   0x08000658   0x00000064   Code   RO          727    .text               c_w.l(rt_memcpy_w.o)
    0x080006bc   0x080006bc   0x0000004a   Code   RO          733    .text               c_w.l(sys_stackheap_outer.o)
    0x08000706   0x08000706   0x00000012   Code   RO          735    .text               c_w.l(exit.o)
    0x08000718   0x08000718   0x00000008   Code   RO          749    .text               c_w.l(libspace.o)
    0x08000720   0x08000720   0x00000002   Code   RO          760    .text               c_w.l(use_no_semi.o)
    0x08000722   0x08000722   0x00000000   Code   RO          762    .text               c_w.l(indicate_semi.o)
    0x08000722   0x08000722   0x00000002   PAD
    0x08000724   0x08000724   0x0000000c   Code   RO          776    .text               c_w.l(sys_exit.o)
    0x08000730   0x08000730   0x00000030   Code   RO          459    i.CLK_init          hwinit.o
    0x08000760   0x08000760   0x0000002a   Code   RO          372    i.DrawSnake         ds.o
    0x0800078a   0x0800078a   0x00000002   PAD
    0x0800078c   0x0800078c   0x00000050   Code   RO            4    i.EXTI0_IRQHandler  spi.o
    0x080007dc   0x080007dc   0x00000050   Code   RO            5    i.EXTI1_IRQHandler  spi.o
    0x0800082c   0x0800082c   0x0000004c   Code   RO            6    i.EXTI2_IRQHandler  spi.o
    0x08000878   0x08000878   0x0000004c   Code   RO            7    i.EXTI3_IRQHandler  spi.o
    0x080008c4   0x080008c4   0x0000006c   Code   RO          460    i.EXTI_init         hwinit.o
    0x08000930   0x08000930   0x00000138   Code   RO          461    i.GPIO_init         hwinit.o
    0x08000a68   0x08000a68   0x0000001c   Code   RO          194    i.LCD_cmd           lcd.o
    0x08000a84   0x08000a84   0x0000001c   Code   RO          195    i.LCD_data          lcd.o
    0x08000aa0   0x08000aa0   0x00000030   Code   RO          196    i.LCD_init          lcd.o
    0x08000ad0   0x08000ad0   0x00000040   Code   RO          462    i.RCC_init          hwinit.o
    0x08000b10   0x08000b10   0x00000040   Code   RO          463    i.SPI_init          hwinit.o
    0x08000b50   0x08000b50   0x000000a8   Code   RO          556    i.SetSysClockTo72   system_stm32f10x.o
    0x08000bf8   0x08000bf8   0x00000050   Code   RO          558    i.SystemInit        system_stm32f10x.o
    0x08000c48   0x08000c48   0x00000010   Code   RO          199    i.XYtoIndex         lcd.o
    0x08000c58   0x08000c58   0x0000001c   Code   RO          373    i.append            ds.o
    0x08000c74   0x08000c74   0x00000044   Code   RO          200    i.character         lcd.o
    0x08000cb8   0x08000cb8   0x00000010   Code   RO          510    i.delay             general.o
    0x08000cc8   0x08000cc8   0x0000002a   Code   RO          201    i.display           lcd.o
    0x08000cf2   0x08000cf2   0x00000002   PAD
    0x08000cf4   0x08000cf4   0x0000008c   Code   RO            8    i.gameOver          spi.o
    0x08000d80   0x08000d80   0x00000018   Code   RO            9    i.goDown            spi.o
    0x08000d98   0x08000d98   0x00000014   Code   RO           10    i.goLeft            spi.o
    0x08000dac   0x08000dac   0x00000018   Code   RO           11    i.goRight           spi.o
    0x08000dc4   0x08000dc4   0x00000014   Code   RO           12    i.goUp              spi.o
    0x08000dd8   0x08000dd8   0x0000000c   Code   RO           13    i.hasEatenAfruit    spi.o
    0x08000de4   0x08000de4   0x00000040   Code   RO           14    i.increaseSnakeLength  spi.o
    0x08000e24   0x08000e24   0x00000040   Code   RO           15    i.initSnake         spi.o
    0x08000e64   0x08000e64   0x00000008   Code   RO          374    i.initStack         ds.o
    0x08000e6c   0x08000e6c   0x00000038   Code   RO           16    i.isGameOver        spi.o
    0x08000ea4   0x08000ea4   0x0000002c   Code   RO          375    i.lshift            ds.o
    0x08000ed0   0x08000ed0   0x00000110   Code   RO           17    i.main              spi.o
    0x08000fe0   0x08000fe0   0x0000001e   Code   RO          376    i.pop               ds.o
    0x08000ffe   0x08000ffe   0x00000018   Code   RO          377    i.push              ds.o
    0x08001016   0x08001016   0x00000014   Code   RO           18    i.randInt           spi.o
    0x0800102a   0x0800102a   0x00000020   Code   RO           19    i.randPoint         spi.o
    0x0800104a   0x0800104a   0x0000001a   Code   RO          210    i.resetFrame        lcd.o
    0x08001064   0x08001064   0x0000001c   Code   RO           20    i.samePoints        spi.o
    0x08001080   0x08001080   0x00000020   Code   RO          212    i.setPixel          lcd.o
    0x080010a0   0x080010a0   0x00000006   Code   RO          378    i.setPoint          ds.o
    0x080010a6   0x080010a6   0x00000016   Code   RO          213    i.setX              lcd.o
    0x080010bc   0x080010bc   0x00000016   Code   RO          214    i.setY              lcd.o
    0x080010d2   0x080010d2   0x00000018   Code   RO          379    i.shift             ds.o
    0x080010ea   0x080010ea   0x00000012   Code   RO          381    i.stackRshift       ds.o
    0x080010fc   0x080010fc   0x00000028   Code   RO           21    i.updateDirection   spi.o
    0x08001124   0x08001124   0x00000034   Code   RO           22    i.updateSnake       spi.o
    0x08001158   0x08001158   0x00000010   Code   RO           23    i.wait              spi.o
    0x08001168   0x08001168   0x00000048   Code   RO          216    i.write             lcd.o
    0x080011b0   0x080011b0   0x0000001c   Code   RO          217    i.writeInt          lcd.o
    0x080011cc   0x080011cc   0x00000320   Data   RO          218    .constdata          lcd.o
    0x080014ec   0x080014ec   0x00000020   Data   RO          821    Region$$Table       anon$$obj.o


    Execution Region ER_RW (Exec base: 0x20000000, Load base: 0x0800150c, Size: 0x00000014, Max: 0xffffffff, ABSOLUTE)

    Exec Addr    Load Addr    Size         Type   Attr      Idx    E Section Name        Object

    0x20000000   0x0800150c   0x00000010   Data   RW           26    .data               spi.o
    0x20000010   0x0800151c   0x00000002   Data   RW          219    .data               lcd.o


    Execution Region ER_ZI (Exec base: 0x20000014, Load base: 0x08001520, Size: 0x00000d34, Max: 0xffffffff, ABSOLUTE)

    Exec Addr    Load Addr    Size         Type   Attr      Idx    E Section Name        Object

    0x20000014        -       0x000005ec   Zero   RW           24    .bss                spi.o
    0x20000600        -       0x000000e4   Zero   RW          638    .bss                c_w.l(rand.o)
    0x200006e4        -       0x00000060   Zero   RW          750    .bss                c_w.l(libspace.o)
    0x20000744   0x08001520   0x00000004   PAD
    0x20000748        -       0x00000200   Zero   RW          547    HEAP                startup_stm32f10x_md.o
    0x20000948        -       0x00000400   Zero   RW          546    STACK               startup_stm32f10x_md.o


==============================================================================

Image component sizes


      Code (inc. data)   RO Data    RW Data    ZI Data      Debug   Object Name

       224          0          0          0          0       4754   ds.o
        16          0          0          0          0        660   general.o
       596         34          0          0          0       2069   hwinit.o
       432         40        800          2          0       6416   lcd.o
      1196        198          0         16       1516      14801   spi.o
        64         26        236          0       1536        792   startup_stm32f10x_md.o
       248         24          0          0          0       1529   system_stm32f10x.o

    ----------------------------------------------------------------------
      2780        322       1068         20       3052      31021   Object Totals
         0          0         32          0          0          0   (incl. Generated)
         4          0          0          2          0          0   (incl. Padding)

    ----------------------------------------------------------------------

      Code (inc. data)   RO Data    RW Data    ZI Data      Debug   Library Member Name

         8          0          0          0          0         68   __main.o
       104          0          0          0          0         84   __printf.o
         0          0          0          0          0          0   __rtentry.o
        12          0          0          0          0          0   __rtentry2.o
         6          0          0          0          0          0   __rtentry4.o
        52          8          0          0          0          0   __scatter.o
        26          0          0          0          0          0   __scatter_copy.o
        28          0          0          0          0          0   __scatter_zi.o
        48          6          0          0          0         96   _printf_char_common.o
         6          0          0          0          0          0   _printf_d.o
       120         16          0          0          0         92   _printf_dec.o
       178          0          0          0          0         88   _printf_intcommon.o
         0          0          0          0          0          0   _printf_percent.o
         4          0          0          0          0          0   _printf_percent_end.o
        10          0          0          0          0         68   _sputc.o
        18          0          0          0          0         80   exit.o
         6          0          0          0          0        152   heapauxi.o
         0          0          0          0          0          0   indicate_semi.o
         2          0          0          0          0          0   libinit.o
         6          0          0          0          0          0   libinit2.o
         2          0          0          0          0          0   libshutdown.o
         2          0          0          0          0          0   libshutdown2.o
         8          4          0          0         96         68   libspace.o
        40          6          0          0          0         84   noretval__2sprintf.o
       112         18          0          0        228        160   rand.o
        68          0          0          0          0         68   rt_memclr.o
        78          0          0          0          0         80   rt_memclr_w.o
       138          0          0          0          0         68   rt_memcpy_v6.o
       100          0          0          0          0         80   rt_memcpy_w.o
       132          0          0          0          0         68   rt_memmove_v6.o
       122          0          0          0          0         80   rt_memmove_w.o
         2          0          0          0          0          0   rtexit.o
        10          0          0          0          0          0   rtexit2.o
        12          4          0          0          0         68   sys_exit.o
        74          0          0          0          0         80   sys_stackheap_outer.o
         2          0          0          0          0         68   use_no_semi.o

    ----------------------------------------------------------------------
      1540         62          0          0        328       1700   Library Totals
         4          0          0          0          4          0   (incl. Padding)

    ----------------------------------------------------------------------

      Code (inc. data)   RO Data    RW Data    ZI Data      Debug   Library Name

      1536         62          0          0        324       1700   c_w.l

    ----------------------------------------------------------------------
      1540         62          0          0        328       1700   Library Totals

    ----------------------------------------------------------------------

==============================================================================


      Code (inc. data)   RO Data    RW Data    ZI Data      Debug   

      4320        384       1068         20       3380      29597   Grand Totals
      4320        384       1068         20       3380      29597   ELF Image Totals
      4320        384       1068         20          0          0   ROM Totals

==============================================================================

    Total RO  Size (Code + RO Data)                 5388 (   5.26kB)
    Total RW  Size (RW Data + ZI Data)              3400 (   3.32kB)
    Total ROM Size (Code + RO Data + RW Data)       5408 (   5.28kB)

==============================================================================

